[0.282s] DEBUG:colcon:Command line arguments: ['/usr/bin/colcon', 'build', '--symlink-install']
[0.282s] DEBUG:colcon:Parsed command line arguments: Namespace(log_base=None, log_level=None, verb_name='build', build_base='build', install_base='install', merge_install=False, symlink_install=True, test_result_base=None, continue_on_error=False, executor='parallel', parallel_workers=8, event_handlers=None, ignore_user_meta=False, metas=['./colcon.meta'], base_paths=['.'], packages_ignore=None, packages_ignore_regex=None, paths=None, packages_up_to=None, packages_up_to_regex=None, packages_above=None, packages_above_and_dependencies=None, packages_above_depth=None, packages_select_by_dep=None, packages_skip_by_dep=None, packages_skip_up_to=None, packages_select_build_failed=False, packages_skip_build_finished=False, packages_select_test_failures=False, packages_skip_test_passed=False, packages_select=None, packages_skip=None, packages_select_regex=None, packages_skip_regex=None, packages_start=None, packages_end=None, allow_overriding=[], cmake_args=None, cmake_target=None, cmake_target_skip_unavailable=False, cmake_clean_cache=False, cmake_clean_first=False, cmake_force_configure=False, ament_cmake_args=None, catkin_cmake_args=None, catkin_skip_building_tests=False, verb_parser=<colcon_defaults.argument_parser.defaults.DefaultArgumentsDecorator object at 0x726710837d30>, verb_extension=<colcon_core.verb.build.BuildVerb object at 0x7267109e8400>, main=<bound method BuildVerb.main of <colcon_core.verb.build.BuildVerb object at 0x7267109e8400>>)
[0.536s] Level 1:colcon.colcon_core.package_discovery:discover_packages(colcon_meta) check parameters
[0.536s] Level 1:colcon.colcon_core.package_discovery:discover_packages(recursive) check parameters
[0.537s] Level 1:colcon.colcon_core.package_discovery:discover_packages(ignore) check parameters
[0.537s] Level 1:colcon.colcon_core.package_discovery:discover_packages(path) check parameters
[0.537s] Level 1:colcon.colcon_core.package_discovery:discover_packages(colcon_meta) discover
[0.537s] Level 1:colcon.colcon_core.package_discovery:discover_packages(recursive) discover
[0.537s] INFO:colcon.colcon_core.package_discovery:Crawling recursively for packages in '/home/shiver/Desktop/openarm_ws'
[0.537s] Level 1:colcon.colcon_core.package_identification:_identify(.) by extensions ['ignore', 'ignore_ament_install']
[0.537s] Level 1:colcon.colcon_core.package_identification:_identify(.) by extension 'ignore'
[0.537s] Level 1:colcon.colcon_core.package_identification:_identify(.) by extension 'ignore_ament_install'
[0.537s] Level 1:colcon.colcon_core.package_identification:_identify(.) by extensions ['colcon_pkg']
[0.537s] Level 1:colcon.colcon_core.package_identification:_identify(.) by extension 'colcon_pkg'
[0.537s] Level 1:colcon.colcon_core.package_identification:_identify(.) by extensions ['colcon_meta']
[0.537s] Level 1:colcon.colcon_core.package_identification:_identify(.) by extension 'colcon_meta'
[0.537s] Level 1:colcon.colcon_core.package_identification:_identify(.) by extensions ['ros']
[0.537s] Level 1:colcon.colcon_core.package_identification:_identify(.) by extension 'ros'
[0.552s] Level 1:colcon.colcon_core.package_identification:_identify(.) by extensions ['cmake', 'python']
[0.553s] Level 1:colcon.colcon_core.package_identification:_identify(.) by extension 'cmake'
[0.553s] Level 1:colcon.colcon_core.package_identification:_identify(.) by extension 'python'
[0.553s] Level 1:colcon.colcon_core.package_identification:_identify(.) by extensions ['python_setup_py']
[0.553s] Level 1:colcon.colcon_core.package_identification:_identify(.) by extension 'python_setup_py'
[0.553s] Level 1:colcon.colcon_core.package_identification:_identify(build) by extensions ['ignore', 'ignore_ament_install']
[0.553s] Level 1:colcon.colcon_core.package_identification:_identify(build) by extension 'ignore'
[0.553s] Level 1:colcon.colcon_core.package_identification:_identify(build) ignored
[0.553s] Level 1:colcon.colcon_core.package_identification:_identify(install) by extensions ['ignore', 'ignore_ament_install']
[0.553s] Level 1:colcon.colcon_core.package_identification:_identify(install) by extension 'ignore'
[0.554s] Level 1:colcon.colcon_core.package_identification:_identify(install) ignored
[0.554s] Level 1:colcon.colcon_core.package_identification:_identify(log) by extensions ['ignore', 'ignore_ament_install']
[0.554s] Level 1:colcon.colcon_core.package_identification:_identify(log) by extension 'ignore'
[0.554s] Level 1:colcon.colcon_core.package_identification:_identify(log) ignored
[0.554s] Level 1:colcon.colcon_core.package_identification:_identify(openarm_mujoco) by extensions ['ignore', 'ignore_ament_install']
[0.554s] Level 1:colcon.colcon_core.package_identification:_identify(openarm_mujoco) by extension 'ignore'
[0.554s] Level 1:colcon.colcon_core.package_identification:_identify(openarm_mujoco) by extension 'ignore_ament_install'
[0.554s] Level 1:colcon.colcon_core.package_identification:_identify(openarm_mujoco) by extensions ['colcon_pkg']
[0.554s] Level 1:colcon.colcon_core.package_identification:_identify(openarm_mujoco) by extension 'colcon_pkg'
[0.554s] Level 1:colcon.colcon_core.package_identification:_identify(openarm_mujoco) by extensions ['colcon_meta']
[0.554s] Level 1:colcon.colcon_core.package_identification:_identify(openarm_mujoco) by extension 'colcon_meta'
[0.554s] Level 1:colcon.colcon_core.package_identification:_identify(openarm_mujoco) by extensions ['ros']
[0.554s] Level 1:colcon.colcon_core.package_identification:_identify(openarm_mujoco) by extension 'ros'
[0.554s] Level 1:colcon.colcon_core.package_identification:_identify(openarm_mujoco) by extensions ['cmake', 'python']
[0.554s] Level 1:colcon.colcon_core.package_identification:_identify(openarm_mujoco) by extension 'cmake'
[0.554s] Level 1:colcon.colcon_core.package_identification:_identify(openarm_mujoco) by extension 'python'
[0.554s] Level 1:colcon.colcon_core.package_identification:_identify(openarm_mujoco) by extensions ['python_setup_py']
[0.555s] Level 1:colcon.colcon_core.package_identification:_identify(openarm_mujoco) by extension 'python_setup_py'
[0.555s] Level 1:colcon.colcon_core.package_identification:_identify(openarm_mujoco/v0.3) by extensions ['ignore', 'ignore_ament_install']
[0.555s] Level 1:colcon.colcon_core.package_identification:_identify(openarm_mujoco/v0.3) by extension 'ignore'
[0.555s] Level 1:colcon.colcon_core.package_identification:_identify(openarm_mujoco/v0.3) by extension 'ignore_ament_install'
[0.555s] Level 1:colcon.colcon_core.package_identification:_identify(openarm_mujoco/v0.3) by extensions ['colcon_pkg']
[0.555s] Level 1:colcon.colcon_core.package_identification:_identify(openarm_mujoco/v0.3) by extension 'colcon_pkg'
[0.555s] Level 1:colcon.colcon_core.package_identification:_identify(openarm_mujoco/v0.3) by extensions ['colcon_meta']
[0.555s] Level 1:colcon.colcon_core.package_identification:_identify(openarm_mujoco/v0.3) by extension 'colcon_meta'
[0.555s] Level 1:colcon.colcon_core.package_identification:_identify(openarm_mujoco/v0.3) by extensions ['ros']
[0.555s] Level 1:colcon.colcon_core.package_identification:_identify(openarm_mujoco/v0.3) by extension 'ros'
[0.555s] Level 1:colcon.colcon_core.package_identification:_identify(openarm_mujoco/v0.3) by extensions ['cmake', 'python']
[0.555s] Level 1:colcon.colcon_core.package_identification:_identify(openarm_mujoco/v0.3) by extension 'cmake'
[0.555s] Level 1:colcon.colcon_core.package_identification:_identify(openarm_mujoco/v0.3) by extension 'python'
[0.555s] Level 1:colcon.colcon_core.package_identification:_identify(openarm_mujoco/v0.3) by extensions ['python_setup_py']
[0.555s] Level 1:colcon.colcon_core.package_identification:_identify(openarm_mujoco/v0.3) by extension 'python_setup_py'
[0.555s] Level 1:colcon.colcon_core.package_identification:_identify(openarm_mujoco/v0.3/meshes) by extensions ['ignore', 'ignore_ament_install']
[0.556s] Level 1:colcon.colcon_core.package_identification:_identify(openarm_mujoco/v0.3/meshes) by extension 'ignore'
[0.556s] Level 1:colcon.colcon_core.package_identification:_identify(openarm_mujoco/v0.3/meshes) by extension 'ignore_ament_install'
[0.556s] Level 1:colcon.colcon_core.package_identification:_identify(openarm_mujoco/v0.3/meshes) by extensions ['colcon_pkg']
[0.556s] Level 1:colcon.colcon_core.package_identification:_identify(openarm_mujoco/v0.3/meshes) by extension 'colcon_pkg'
[0.556s] Level 1:colcon.colcon_core.package_identification:_identify(openarm_mujoco/v0.3/meshes) by extensions ['colcon_meta']
[0.556s] Level 1:colcon.colcon_core.package_identification:_identify(openarm_mujoco/v0.3/meshes) by extension 'colcon_meta'
[0.556s] Level 1:colcon.colcon_core.package_identification:_identify(openarm_mujoco/v0.3/meshes) by extensions ['ros']
[0.556s] Level 1:colcon.colcon_core.package_identification:_identify(openarm_mujoco/v0.3/meshes) by extension 'ros'
[0.556s] Level 1:colcon.colcon_core.package_identification:_identify(openarm_mujoco/v0.3/meshes) by extensions ['cmake', 'python']
[0.556s] Level 1:colcon.colcon_core.package_identification:_identify(openarm_mujoco/v0.3/meshes) by extension 'cmake'
[0.556s] Level 1:colcon.colcon_core.package_identification:_identify(openarm_mujoco/v0.3/meshes) by extension 'python'
[0.556s] Level 1:colcon.colcon_core.package_identification:_identify(openarm_mujoco/v0.3/meshes) by extensions ['python_setup_py']
[0.556s] Level 1:colcon.colcon_core.package_identification:_identify(openarm_mujoco/v0.3/meshes) by extension 'python_setup_py'
[0.556s] Level 1:colcon.colcon_core.package_identification:_identify(openarm_mujoco/v1) by extensions ['ignore', 'ignore_ament_install']
[0.556s] Level 1:colcon.colcon_core.package_identification:_identify(openarm_mujoco/v1) by extension 'ignore'
[0.556s] Level 1:colcon.colcon_core.package_identification:_identify(openarm_mujoco/v1) by extension 'ignore_ament_install'
[0.556s] Level 1:colcon.colcon_core.package_identification:_identify(openarm_mujoco/v1) by extensions ['colcon_pkg']
[0.556s] Level 1:colcon.colcon_core.package_identification:_identify(openarm_mujoco/v1) by extension 'colcon_pkg'
[0.556s] Level 1:colcon.colcon_core.package_identification:_identify(openarm_mujoco/v1) by extensions ['colcon_meta']
[0.557s] Level 1:colcon.colcon_core.package_identification:_identify(openarm_mujoco/v1) by extension 'colcon_meta'
[0.557s] Level 1:colcon.colcon_core.package_identification:_identify(openarm_mujoco/v1) by extensions ['ros']
[0.557s] Level 1:colcon.colcon_core.package_identification:_identify(openarm_mujoco/v1) by extension 'ros'
[0.557s] Level 1:colcon.colcon_core.package_identification:_identify(openarm_mujoco/v1) by extensions ['cmake', 'python']
[0.557s] Level 1:colcon.colcon_core.package_identification:_identify(openarm_mujoco/v1) by extension 'cmake'
[0.557s] Level 1:colcon.colcon_core.package_identification:_identify(openarm_mujoco/v1) by extension 'python'
[0.557s] Level 1:colcon.colcon_core.package_identification:_identify(openarm_mujoco/v1) by extensions ['python_setup_py']
[0.557s] Level 1:colcon.colcon_core.package_identification:_identify(openarm_mujoco/v1) by extension 'python_setup_py'
[0.557s] Level 1:colcon.colcon_core.package_identification:_identify(openarm_mujoco/v1/meshes) by extensions ['ignore', 'ignore_ament_install']
[0.557s] Level 1:colcon.colcon_core.package_identification:_identify(openarm_mujoco/v1/meshes) by extension 'ignore'
[0.557s] Level 1:colcon.colcon_core.package_identification:_identify(openarm_mujoco/v1/meshes) by extension 'ignore_ament_install'
[0.557s] Level 1:colcon.colcon_core.package_identification:_identify(openarm_mujoco/v1/meshes) by extensions ['colcon_pkg']
[0.557s] Level 1:colcon.colcon_core.package_identification:_identify(openarm_mujoco/v1/meshes) by extension 'colcon_pkg'
[0.557s] Level 1:colcon.colcon_core.package_identification:_identify(openarm_mujoco/v1/meshes) by extensions ['colcon_meta']
[0.557s] Level 1:colcon.colcon_core.package_identification:_identify(openarm_mujoco/v1/meshes) by extension 'colcon_meta'
[0.557s] Level 1:colcon.colcon_core.package_identification:_identify(openarm_mujoco/v1/meshes) by extensions ['ros']
[0.557s] Level 1:colcon.colcon_core.package_identification:_identify(openarm_mujoco/v1/meshes) by extension 'ros'
[0.557s] Level 1:colcon.colcon_core.package_identification:_identify(openarm_mujoco/v1/meshes) by extensions ['cmake', 'python']
[0.558s] Level 1:colcon.colcon_core.package_identification:_identify(openarm_mujoco/v1/meshes) by extension 'cmake'
[0.558s] Level 1:colcon.colcon_core.package_identification:_identify(openarm_mujoco/v1/meshes) by extension 'python'
[0.558s] Level 1:colcon.colcon_core.package_identification:_identify(openarm_mujoco/v1/meshes) by extensions ['python_setup_py']
[0.558s] Level 1:colcon.colcon_core.package_identification:_identify(openarm_mujoco/v1/meshes) by extension 'python_setup_py'
[0.558s] Level 1:colcon.colcon_core.package_identification:_identify(openarm_mujoco/v1/meshes/011_banana) by extensions ['ignore', 'ignore_ament_install']
[0.558s] Level 1:colcon.colcon_core.package_identification:_identify(openarm_mujoco/v1/meshes/011_banana) by extension 'ignore'
[0.558s] Level 1:colcon.colcon_core.package_identification:_identify(openarm_mujoco/v1/meshes/011_banana) by extension 'ignore_ament_install'
[0.558s] Level 1:colcon.colcon_core.package_identification:_identify(openarm_mujoco/v1/meshes/011_banana) by extensions ['colcon_pkg']
[0.558s] Level 1:colcon.colcon_core.package_identification:_identify(openarm_mujoco/v1/meshes/011_banana) by extension 'colcon_pkg'
[0.558s] Level 1:colcon.colcon_core.package_identification:_identify(openarm_mujoco/v1/meshes/011_banana) by extensions ['colcon_meta']
[0.558s] Level 1:colcon.colcon_core.package_identification:_identify(openarm_mujoco/v1/meshes/011_banana) by extension 'colcon_meta'
[0.558s] Level 1:colcon.colcon_core.package_identification:_identify(openarm_mujoco/v1/meshes/011_banana) by extensions ['ros']
[0.558s] Level 1:colcon.colcon_core.package_identification:_identify(openarm_mujoco/v1/meshes/011_banana) by extension 'ros'
[0.558s] Level 1:colcon.colcon_core.package_identification:_identify(openarm_mujoco/v1/meshes/011_banana) by extensions ['cmake', 'python']
[0.558s] Level 1:colcon.colcon_core.package_identification:_identify(openarm_mujoco/v1/meshes/011_banana) by extension 'cmake'
[0.558s] Level 1:colcon.colcon_core.package_identification:_identify(openarm_mujoco/v1/meshes/011_banana) by extension 'python'
[0.558s] Level 1:colcon.colcon_core.package_identification:_identify(openarm_mujoco/v1/meshes/011_banana) by extensions ['python_setup_py']
[0.558s] Level 1:colcon.colcon_core.package_identification:_identify(openarm_mujoco/v1/meshes/011_banana) by extension 'python_setup_py'
[0.558s] Level 1:colcon.colcon_core.package_identification:_identify(openarm_mujoco/v1/meshes/collision) by extensions ['ignore', 'ignore_ament_install']
[0.559s] Level 1:colcon.colcon_core.package_identification:_identify(openarm_mujoco/v1/meshes/collision) by extension 'ignore'
[0.559s] Level 1:colcon.colcon_core.package_identification:_identify(openarm_mujoco/v1/meshes/collision) by extension 'ignore_ament_install'
[0.559s] Level 1:colcon.colcon_core.package_identification:_identify(openarm_mujoco/v1/meshes/collision) by extensions ['colcon_pkg']
[0.559s] Level 1:colcon.colcon_core.package_identification:_identify(openarm_mujoco/v1/meshes/collision) by extension 'colcon_pkg'
[0.559s] Level 1:colcon.colcon_core.package_identification:_identify(openarm_mujoco/v1/meshes/collision) by extensions ['colcon_meta']
[0.559s] Level 1:colcon.colcon_core.package_identification:_identify(openarm_mujoco/v1/meshes/collision) by extension 'colcon_meta'
[0.559s] Level 1:colcon.colcon_core.package_identification:_identify(openarm_mujoco/v1/meshes/collision) by extensions ['ros']
[0.559s] Level 1:colcon.colcon_core.package_identification:_identify(openarm_mujoco/v1/meshes/collision) by extension 'ros'
[0.559s] Level 1:colcon.colcon_core.package_identification:_identify(openarm_mujoco/v1/meshes/collision) by extensions ['cmake', 'python']
[0.559s] Level 1:colcon.colcon_core.package_identification:_identify(openarm_mujoco/v1/meshes/collision) by extension 'cmake'
[0.559s] Level 1:colcon.colcon_core.package_identification:_identify(openarm_mujoco/v1/meshes/collision) by extension 'python'
[0.560s] Level 1:colcon.colcon_core.package_identification:_identify(openarm_mujoco/v1/meshes/collision) by extensions ['python_setup_py']
[0.560s] Level 1:colcon.colcon_core.package_identification:_identify(openarm_mujoco/v1/meshes/collision) by extension 'python_setup_py'
[0.560s] Level 1:colcon.colcon_core.package_identification:_identify(openarm_mujoco/v1/meshes/collision/arm) by extensions ['ignore', 'ignore_ament_install']
[0.560s] Level 1:colcon.colcon_core.package_identification:_identify(openarm_mujoco/v1/meshes/collision/arm) by extension 'ignore'
[0.560s] Level 1:colcon.colcon_core.package_identification:_identify(openarm_mujoco/v1/meshes/collision/arm) by extension 'ignore_ament_install'
[0.560s] Level 1:colcon.colcon_core.package_identification:_identify(openarm_mujoco/v1/meshes/collision/arm) by extensions ['colcon_pkg']
[0.560s] Level 1:colcon.colcon_core.package_identification:_identify(openarm_mujoco/v1/meshes/collision/arm) by extension 'colcon_pkg'
[0.560s] Level 1:colcon.colcon_core.package_identification:_identify(openarm_mujoco/v1/meshes/collision/arm) by extensions ['colcon_meta']
[0.560s] Level 1:colcon.colcon_core.package_identification:_identify(openarm_mujoco/v1/meshes/collision/arm) by extension 'colcon_meta'
[0.560s] Level 1:colcon.colcon_core.package_identification:_identify(openarm_mujoco/v1/meshes/collision/arm) by extensions ['ros']
[0.560s] Level 1:colcon.colcon_core.package_identification:_identify(openarm_mujoco/v1/meshes/collision/arm) by extension 'ros'
[0.560s] Level 1:colcon.colcon_core.package_identification:_identify(openarm_mujoco/v1/meshes/collision/arm) by extensions ['cmake', 'python']
[0.560s] Level 1:colcon.colcon_core.package_identification:_identify(openarm_mujoco/v1/meshes/collision/arm) by extension 'cmake'
[0.560s] Level 1:colcon.colcon_core.package_identification:_identify(openarm_mujoco/v1/meshes/collision/arm) by extension 'python'
[0.560s] Level 1:colcon.colcon_core.package_identification:_identify(openarm_mujoco/v1/meshes/collision/arm) by extensions ['python_setup_py']
[0.560s] Level 1:colcon.colcon_core.package_identification:_identify(openarm_mujoco/v1/meshes/collision/arm) by extension 'python_setup_py'
[0.561s] Level 1:colcon.colcon_core.package_identification:_identify(openarm_mujoco/v1/meshes/collision/body) by extensions ['ignore', 'ignore_ament_install']
[0.561s] Level 1:colcon.colcon_core.package_identification:_identify(openarm_mujoco/v1/meshes/collision/body) by extension 'ignore'
[0.561s] Level 1:colcon.colcon_core.package_identification:_identify(openarm_mujoco/v1/meshes/collision/body) by extension 'ignore_ament_install'
[0.561s] Level 1:colcon.colcon_core.package_identification:_identify(openarm_mujoco/v1/meshes/collision/body) by extensions ['colcon_pkg']
[0.561s] Level 1:colcon.colcon_core.package_identification:_identify(openarm_mujoco/v1/meshes/collision/body) by extension 'colcon_pkg'
[0.561s] Level 1:colcon.colcon_core.package_identification:_identify(openarm_mujoco/v1/meshes/collision/body) by extensions ['colcon_meta']
[0.561s] Level 1:colcon.colcon_core.package_identification:_identify(openarm_mujoco/v1/meshes/collision/body) by extension 'colcon_meta'
[0.561s] Level 1:colcon.colcon_core.package_identification:_identify(openarm_mujoco/v1/meshes/collision/body) by extensions ['ros']
[0.561s] Level 1:colcon.colcon_core.package_identification:_identify(openarm_mujoco/v1/meshes/collision/body) by extension 'ros'
[0.561s] Level 1:colcon.colcon_core.package_identification:_identify(openarm_mujoco/v1/meshes/collision/body) by extensions ['cmake', 'python']
[0.561s] Level 1:colcon.colcon_core.package_identification:_identify(openarm_mujoco/v1/meshes/collision/body) by extension 'cmake'
[0.561s] Level 1:colcon.colcon_core.package_identification:_identify(openarm_mujoco/v1/meshes/collision/body) by extension 'python'
[0.561s] Level 1:colcon.colcon_core.package_identification:_identify(openarm_mujoco/v1/meshes/collision/body) by extensions ['python_setup_py']
[0.561s] Level 1:colcon.colcon_core.package_identification:_identify(openarm_mujoco/v1/meshes/collision/body) by extension 'python_setup_py'
[0.561s] Level 1:colcon.colcon_core.package_identification:_identify(openarm_mujoco/v1/meshes/collision/gripper) by extensions ['ignore', 'ignore_ament_install']
[0.561s] Level 1:colcon.colcon_core.package_identification:_identify(openarm_mujoco/v1/meshes/collision/gripper) by extension 'ignore'
[0.562s] Level 1:colcon.colcon_core.package_identification:_identify(openarm_mujoco/v1/meshes/collision/gripper) by extension 'ignore_ament_install'
[0.562s] Level 1:colcon.colcon_core.package_identification:_identify(openarm_mujoco/v1/meshes/collision/gripper) by extensions ['colcon_pkg']
[0.562s] Level 1:colcon.colcon_core.package_identification:_identify(openarm_mujoco/v1/meshes/collision/gripper) by extension 'colcon_pkg'
[0.562s] Level 1:colcon.colcon_core.package_identification:_identify(openarm_mujoco/v1/meshes/collision/gripper) by extensions ['colcon_meta']
[0.562s] Level 1:colcon.colcon_core.package_identification:_identify(openarm_mujoco/v1/meshes/collision/gripper) by extension 'colcon_meta'
[0.562s] Level 1:colcon.colcon_core.package_identification:_identify(openarm_mujoco/v1/meshes/collision/gripper) by extensions ['ros']
[0.562s] Level 1:colcon.colcon_core.package_identification:_identify(openarm_mujoco/v1/meshes/collision/gripper) by extension 'ros'
[0.562s] Level 1:colcon.colcon_core.package_identification:_identify(openarm_mujoco/v1/meshes/collision/gripper) by extensions ['cmake', 'python']
[0.562s] Level 1:colcon.colcon_core.package_identification:_identify(openarm_mujoco/v1/meshes/collision/gripper) by extension 'cmake'
[0.562s] Level 1:colcon.colcon_core.package_identification:_identify(openarm_mujoco/v1/meshes/collision/gripper) by extension 'python'
[0.562s] Level 1:colcon.colcon_core.package_identification:_identify(openarm_mujoco/v1/meshes/collision/gripper) by extensions ['python_setup_py']
[0.562s] Level 1:colcon.colcon_core.package_identification:_identify(openarm_mujoco/v1/meshes/collision/gripper) by extension 'python_setup_py'
[0.562s] Level 1:colcon.colcon_core.package_identification:_identify(openarm_mujoco/v1/meshes/visual) by extensions ['ignore', 'ignore_ament_install']
[0.562s] Level 1:colcon.colcon_core.package_identification:_identify(openarm_mujoco/v1/meshes/visual) by extension 'ignore'
[0.562s] Level 1:colcon.colcon_core.package_identification:_identify(openarm_mujoco/v1/meshes/visual) by extension 'ignore_ament_install'
[0.562s] Level 1:colcon.colcon_core.package_identification:_identify(openarm_mujoco/v1/meshes/visual) by extensions ['colcon_pkg']
[0.562s] Level 1:colcon.colcon_core.package_identification:_identify(openarm_mujoco/v1/meshes/visual) by extension 'colcon_pkg'
[0.562s] Level 1:colcon.colcon_core.package_identification:_identify(openarm_mujoco/v1/meshes/visual) by extensions ['colcon_meta']
[0.562s] Level 1:colcon.colcon_core.package_identification:_identify(openarm_mujoco/v1/meshes/visual) by extension 'colcon_meta'
[0.563s] Level 1:colcon.colcon_core.package_identification:_identify(openarm_mujoco/v1/meshes/visual) by extensions ['ros']
[0.563s] Level 1:colcon.colcon_core.package_identification:_identify(openarm_mujoco/v1/meshes/visual) by extension 'ros'
[0.563s] Level 1:colcon.colcon_core.package_identification:_identify(openarm_mujoco/v1/meshes/visual) by extensions ['cmake', 'python']
[0.563s] Level 1:colcon.colcon_core.package_identification:_identify(openarm_mujoco/v1/meshes/visual) by extension 'cmake'
[0.563s] Level 1:colcon.colcon_core.package_identification:_identify(openarm_mujoco/v1/meshes/visual) by extension 'python'
[0.563s] Level 1:colcon.colcon_core.package_identification:_identify(openarm_mujoco/v1/meshes/visual) by extensions ['python_setup_py']
[0.563s] Level 1:colcon.colcon_core.package_identification:_identify(openarm_mujoco/v1/meshes/visual) by extension 'python_setup_py'
[0.563s] Level 1:colcon.colcon_core.package_identification:_identify(openarm_mujoco/v1/meshes/visual/arm) by extensions ['ignore', 'ignore_ament_install']
[0.563s] Level 1:colcon.colcon_core.package_identification:_identify(openarm_mujoco/v1/meshes/visual/arm) by extension 'ignore'
[0.563s] Level 1:colcon.colcon_core.package_identification:_identify(openarm_mujoco/v1/meshes/visual/arm) by extension 'ignore_ament_install'
[0.563s] Level 1:colcon.colcon_core.package_identification:_identify(openarm_mujoco/v1/meshes/visual/arm) by extensions ['colcon_pkg']
[0.563s] Level 1:colcon.colcon_core.package_identification:_identify(openarm_mujoco/v1/meshes/visual/arm) by extension 'colcon_pkg'
[0.563s] Level 1:colcon.colcon_core.package_identification:_identify(openarm_mujoco/v1/meshes/visual/arm) by extensions ['colcon_meta']
[0.563s] Level 1:colcon.colcon_core.package_identification:_identify(openarm_mujoco/v1/meshes/visual/arm) by extension 'colcon_meta'
[0.563s] Level 1:colcon.colcon_core.package_identification:_identify(openarm_mujoco/v1/meshes/visual/arm) by extensions ['ros']
[0.563s] Level 1:colcon.colcon_core.package_identification:_identify(openarm_mujoco/v1/meshes/visual/arm) by extension 'ros'
[0.563s] Level 1:colcon.colcon_core.package_identification:_identify(openarm_mujoco/v1/meshes/visual/arm) by extensions ['cmake', 'python']
[0.563s] Level 1:colcon.colcon_core.package_identification:_identify(openarm_mujoco/v1/meshes/visual/arm) by extension 'cmake'
[0.564s] Level 1:colcon.colcon_core.package_identification:_identify(openarm_mujoco/v1/meshes/visual/arm) by extension 'python'
[0.564s] Level 1:colcon.colcon_core.package_identification:_identify(openarm_mujoco/v1/meshes/visual/arm) by extensions ['python_setup_py']
[0.564s] Level 1:colcon.colcon_core.package_identification:_identify(openarm_mujoco/v1/meshes/visual/arm) by extension 'python_setup_py'
[0.564s] Level 1:colcon.colcon_core.package_identification:_identify(openarm_mujoco/v1/meshes/visual/body) by extensions ['ignore', 'ignore_ament_install']
[0.564s] Level 1:colcon.colcon_core.package_identification:_identify(openarm_mujoco/v1/meshes/visual/body) by extension 'ignore'
[0.564s] Level 1:colcon.colcon_core.package_identification:_identify(openarm_mujoco/v1/meshes/visual/body) by extension 'ignore_ament_install'
[0.564s] Level 1:colcon.colcon_core.package_identification:_identify(openarm_mujoco/v1/meshes/visual/body) by extensions ['colcon_pkg']
[0.564s] Level 1:colcon.colcon_core.package_identification:_identify(openarm_mujoco/v1/meshes/visual/body) by extension 'colcon_pkg'
[0.564s] Level 1:colcon.colcon_core.package_identification:_identify(openarm_mujoco/v1/meshes/visual/body) by extensions ['colcon_meta']
[0.564s] Level 1:colcon.colcon_core.package_identification:_identify(openarm_mujoco/v1/meshes/visual/body) by extension 'colcon_meta'
[0.564s] Level 1:colcon.colcon_core.package_identification:_identify(openarm_mujoco/v1/meshes/visual/body) by extensions ['ros']
[0.564s] Level 1:colcon.colcon_core.package_identification:_identify(openarm_mujoco/v1/meshes/visual/body) by extension 'ros'
[0.564s] Level 1:colcon.colcon_core.package_identification:_identify(openarm_mujoco/v1/meshes/visual/body) by extensions ['cmake', 'python']
[0.564s] Level 1:colcon.colcon_core.package_identification:_identify(openarm_mujoco/v1/meshes/visual/body) by extension 'cmake'
[0.564s] Level 1:colcon.colcon_core.package_identification:_identify(openarm_mujoco/v1/meshes/visual/body) by extension 'python'
[0.564s] Level 1:colcon.colcon_core.package_identification:_identify(openarm_mujoco/v1/meshes/visual/body) by extensions ['python_setup_py']
[0.564s] Level 1:colcon.colcon_core.package_identification:_identify(openarm_mujoco/v1/meshes/visual/body) by extension 'python_setup_py'
[0.564s] Level 1:colcon.colcon_core.package_identification:_identify(openarm_mujoco/v1/meshes/visual/cam) by extensions ['ignore', 'ignore_ament_install']
[0.565s] Level 1:colcon.colcon_core.package_identification:_identify(openarm_mujoco/v1/meshes/visual/cam) by extension 'ignore'
[0.565s] Level 1:colcon.colcon_core.package_identification:_identify(openarm_mujoco/v1/meshes/visual/cam) by extension 'ignore_ament_install'
[0.565s] Level 1:colcon.colcon_core.package_identification:_identify(openarm_mujoco/v1/meshes/visual/cam) by extensions ['colcon_pkg']
[0.565s] Level 1:colcon.colcon_core.package_identification:_identify(openarm_mujoco/v1/meshes/visual/cam) by extension 'colcon_pkg'
[0.565s] Level 1:colcon.colcon_core.package_identification:_identify(openarm_mujoco/v1/meshes/visual/cam) by extensions ['colcon_meta']
[0.565s] Level 1:colcon.colcon_core.package_identification:_identify(openarm_mujoco/v1/meshes/visual/cam) by extension 'colcon_meta'
[0.565s] Level 1:colcon.colcon_core.package_identification:_identify(openarm_mujoco/v1/meshes/visual/cam) by extensions ['ros']
[0.565s] Level 1:colcon.colcon_core.package_identification:_identify(openarm_mujoco/v1/meshes/visual/cam) by extension 'ros'
[0.565s] Level 1:colcon.colcon_core.package_identification:_identify(openarm_mujoco/v1/meshes/visual/cam) by extensions ['cmake', 'python']
[0.565s] Level 1:colcon.colcon_core.package_identification:_identify(openarm_mujoco/v1/meshes/visual/cam) by extension 'cmake'
[0.565s] Level 1:colcon.colcon_core.package_identification:_identify(openarm_mujoco/v1/meshes/visual/cam) by extension 'python'
[0.565s] Level 1:colcon.colcon_core.package_identification:_identify(openarm_mujoco/v1/meshes/visual/cam) by extensions ['python_setup_py']
[0.565s] Level 1:colcon.colcon_core.package_identification:_identify(openarm_mujoco/v1/meshes/visual/cam) by extension 'python_setup_py'
[0.565s] Level 1:colcon.colcon_core.package_identification:_identify(openarm_mujoco/v1/meshes/visual/gripper) by extensions ['ignore', 'ignore_ament_install']
[0.565s] Level 1:colcon.colcon_core.package_identification:_identify(openarm_mujoco/v1/meshes/visual/gripper) by extension 'ignore'
[0.565s] Level 1:colcon.colcon_core.package_identification:_identify(openarm_mujoco/v1/meshes/visual/gripper) by extension 'ignore_ament_install'
[0.565s] Level 1:colcon.colcon_core.package_identification:_identify(openarm_mujoco/v1/meshes/visual/gripper) by extensions ['colcon_pkg']
[0.565s] Level 1:colcon.colcon_core.package_identification:_identify(openarm_mujoco/v1/meshes/visual/gripper) by extension 'colcon_pkg'
[0.565s] Level 1:colcon.colcon_core.package_identification:_identify(openarm_mujoco/v1/meshes/visual/gripper) by extensions ['colcon_meta']
[0.566s] Level 1:colcon.colcon_core.package_identification:_identify(openarm_mujoco/v1/meshes/visual/gripper) by extension 'colcon_meta'
[0.566s] Level 1:colcon.colcon_core.package_identification:_identify(openarm_mujoco/v1/meshes/visual/gripper) by extensions ['ros']
[0.566s] Level 1:colcon.colcon_core.package_identification:_identify(openarm_mujoco/v1/meshes/visual/gripper) by extension 'ros'
[0.566s] Level 1:colcon.colcon_core.package_identification:_identify(openarm_mujoco/v1/meshes/visual/gripper) by extensions ['cmake', 'python']
[0.566s] Level 1:colcon.colcon_core.package_identification:_identify(openarm_mujoco/v1/meshes/visual/gripper) by extension 'cmake'
[0.566s] Level 1:colcon.colcon_core.package_identification:_identify(openarm_mujoco/v1/meshes/visual/gripper) by extension 'python'
[0.566s] Level 1:colcon.colcon_core.package_identification:_identify(openarm_mujoco/v1/meshes/visual/gripper) by extensions ['python_setup_py']
[0.566s] Level 1:colcon.colcon_core.package_identification:_identify(openarm_mujoco/v1/meshes/visual/gripper) by extension 'python_setup_py'
[0.566s] Level 1:colcon.colcon_core.package_identification:_identify(src) by extensions ['ignore', 'ignore_ament_install']
[0.566s] Level 1:colcon.colcon_core.package_identification:_identify(src) by extension 'ignore'
[0.566s] Level 1:colcon.colcon_core.package_identification:_identify(src) by extension 'ignore_ament_install'
[0.566s] Level 1:colcon.colcon_core.package_identification:_identify(src) by extensions ['colcon_pkg']
[0.566s] Level 1:colcon.colcon_core.package_identification:_identify(src) by extension 'colcon_pkg'
[0.566s] Level 1:colcon.colcon_core.package_identification:_identify(src) by extensions ['colcon_meta']
[0.566s] Level 1:colcon.colcon_core.package_identification:_identify(src) by extension 'colcon_meta'
[0.566s] Level 1:colcon.colcon_core.package_identification:_identify(src) by extensions ['ros']
[0.566s] Level 1:colcon.colcon_core.package_identification:_identify(src) by extension 'ros'
[0.566s] Level 1:colcon.colcon_core.package_identification:_identify(src) by extensions ['cmake', 'python']
[0.566s] Level 1:colcon.colcon_core.package_identification:_identify(src) by extension 'cmake'
[0.566s] Level 1:colcon.colcon_core.package_identification:_identify(src) by extension 'python'
[0.567s] Level 1:colcon.colcon_core.package_identification:_identify(src) by extensions ['python_setup_py']
[0.567s] Level 1:colcon.colcon_core.package_identification:_identify(src) by extension 'python_setup_py'
[0.567s] Level 1:colcon.colcon_core.package_identification:_identify(src/openarm_description) by extensions ['ignore', 'ignore_ament_install']
[0.567s] Level 1:colcon.colcon_core.package_identification:_identify(src/openarm_description) by extension 'ignore'
[0.567s] Level 1:colcon.colcon_core.package_identification:_identify(src/openarm_description) by extension 'ignore_ament_install'
[0.567s] Level 1:colcon.colcon_core.package_identification:_identify(src/openarm_description) by extensions ['colcon_pkg']
[0.567s] Level 1:colcon.colcon_core.package_identification:_identify(src/openarm_description) by extension 'colcon_pkg'
[0.567s] Level 1:colcon.colcon_core.package_identification:_identify(src/openarm_description) by extensions ['colcon_meta']
[0.567s] Level 1:colcon.colcon_core.package_identification:_identify(src/openarm_description) by extension 'colcon_meta'
[0.567s] Level 1:colcon.colcon_core.package_identification:_identify(src/openarm_description) by extensions ['ros']
[0.567s] Level 1:colcon.colcon_core.package_identification:_identify(src/openarm_description) by extension 'ros'
[0.570s] DEBUG:colcon.colcon_core.package_identification:Package 'src/openarm_description' with type 'ros.ament_cmake' and name 'openarm_description'
[0.571s] Level 1:colcon.colcon_core.package_identification:_identify(src/openarm_hardware) by extensions ['ignore', 'ignore_ament_install']
[0.571s] Level 1:colcon.colcon_core.package_identification:_identify(src/openarm_hardware) by extension 'ignore'
[0.571s] Level 1:colcon.colcon_core.package_identification:_identify(src/openarm_hardware) by extension 'ignore_ament_install'
[0.571s] Level 1:colcon.colcon_core.package_identification:_identify(src/openarm_hardware) by extensions ['colcon_pkg']
[0.571s] Level 1:colcon.colcon_core.package_identification:_identify(src/openarm_hardware) by extension 'colcon_pkg'
[0.571s] Level 1:colcon.colcon_core.package_identification:_identify(src/openarm_hardware) by extensions ['colcon_meta']
[0.571s] Level 1:colcon.colcon_core.package_identification:_identify(src/openarm_hardware) by extension 'colcon_meta'
[0.571s] Level 1:colcon.colcon_core.package_identification:_identify(src/openarm_hardware) by extensions ['ros']
[0.571s] Level 1:colcon.colcon_core.package_identification:_identify(src/openarm_hardware) by extension 'ros'
[0.571s] Level 1:colcon.colcon_core.package_identification:_identify(src/openarm_hardware) by extensions ['cmake', 'python']
[0.571s] Level 1:colcon.colcon_core.package_identification:_identify(src/openarm_hardware) by extension 'cmake'
[0.571s] Level 1:colcon.colcon_core.package_identification:_identify(src/openarm_hardware) by extension 'python'
[0.571s] Level 1:colcon.colcon_core.package_identification:_identify(src/openarm_hardware) by extensions ['python_setup_py']
[0.571s] Level 1:colcon.colcon_core.package_identification:_identify(src/openarm_hardware) by extension 'python_setup_py'
[0.571s] Level 1:colcon.colcon_core.package_identification:_identify(src/openarm_hardware/dev) by extensions ['ignore', 'ignore_ament_install']
[0.572s] Level 1:colcon.colcon_core.package_identification:_identify(src/openarm_hardware/dev) by extension 'ignore'
[0.572s] Level 1:colcon.colcon_core.package_identification:_identify(src/openarm_hardware/dev) by extension 'ignore_ament_install'
[0.572s] Level 1:colcon.colcon_core.package_identification:_identify(src/openarm_hardware/dev) by extensions ['colcon_pkg']
[0.572s] Level 1:colcon.colcon_core.package_identification:_identify(src/openarm_hardware/dev) by extension 'colcon_pkg'
[0.572s] Level 1:colcon.colcon_core.package_identification:_identify(src/openarm_hardware/dev) by extensions ['colcon_meta']
[0.572s] Level 1:colcon.colcon_core.package_identification:_identify(src/openarm_hardware/dev) by extension 'colcon_meta'
[0.572s] Level 1:colcon.colcon_core.package_identification:_identify(src/openarm_hardware/dev) by extensions ['ros']
[0.572s] Level 1:colcon.colcon_core.package_identification:_identify(src/openarm_hardware/dev) by extension 'ros'
[0.572s] Level 1:colcon.colcon_core.package_identification:_identify(src/openarm_hardware/dev) by extensions ['cmake', 'python']
[0.572s] Level 1:colcon.colcon_core.package_identification:_identify(src/openarm_hardware/dev) by extension 'cmake'
[0.572s] Level 1:colcon.colcon_core.package_identification:_identify(src/openarm_hardware/dev) by extension 'python'
[0.572s] Level 1:colcon.colcon_core.package_identification:_identify(src/openarm_hardware/dev) by extensions ['python_setup_py']
[0.572s] Level 1:colcon.colcon_core.package_identification:_identify(src/openarm_hardware/dev) by extension 'python_setup_py'
[0.572s] Level 1:colcon.colcon_core.package_identification:_identify(src/openarm_hardware/dev/google-drive-files) by extensions ['ignore', 'ignore_ament_install']
[0.572s] Level 1:colcon.colcon_core.package_identification:_identify(src/openarm_hardware/dev/google-drive-files) by extension 'ignore'
[0.572s] Level 1:colcon.colcon_core.package_identification:_identify(src/openarm_hardware/dev/google-drive-files) by extension 'ignore_ament_install'
[0.573s] Level 1:colcon.colcon_core.package_identification:_identify(src/openarm_hardware/dev/google-drive-files) by extensions ['colcon_pkg']
[0.573s] Level 1:colcon.colcon_core.package_identification:_identify(src/openarm_hardware/dev/google-drive-files) by extension 'colcon_pkg'
[0.573s] Level 1:colcon.colcon_core.package_identification:_identify(src/openarm_hardware/dev/google-drive-files) by extensions ['colcon_meta']
[0.573s] Level 1:colcon.colcon_core.package_identification:_identify(src/openarm_hardware/dev/google-drive-files) by extension 'colcon_meta'
[0.573s] Level 1:colcon.colcon_core.package_identification:_identify(src/openarm_hardware/dev/google-drive-files) by extensions ['ros']
[0.573s] Level 1:colcon.colcon_core.package_identification:_identify(src/openarm_hardware/dev/google-drive-files) by extension 'ros'
[0.573s] Level 1:colcon.colcon_core.package_identification:_identify(src/openarm_hardware/dev/google-drive-files) by extensions ['cmake', 'python']
[0.573s] Level 1:colcon.colcon_core.package_identification:_identify(src/openarm_hardware/dev/google-drive-files) by extension 'cmake'
[0.573s] Level 1:colcon.colcon_core.package_identification:_identify(src/openarm_hardware/dev/google-drive-files) by extension 'python'
[0.573s] Level 1:colcon.colcon_core.package_identification:_identify(src/openarm_hardware/dev/google-drive-files) by extensions ['python_setup_py']
[0.573s] Level 1:colcon.colcon_core.package_identification:_identify(src/openarm_hardware/dev/google-drive-files) by extension 'python_setup_py'
[0.573s] Level 1:colcon.colcon_core.package_identification:_identify(src/openarm_joint_state_pkg) by extensions ['ignore', 'ignore_ament_install']
[0.573s] Level 1:colcon.colcon_core.package_identification:_identify(src/openarm_joint_state_pkg) by extension 'ignore'
[0.573s] Level 1:colcon.colcon_core.package_identification:_identify(src/openarm_joint_state_pkg) by extension 'ignore_ament_install'
[0.573s] Level 1:colcon.colcon_core.package_identification:_identify(src/openarm_joint_state_pkg) by extensions ['colcon_pkg']
[0.573s] Level 1:colcon.colcon_core.package_identification:_identify(src/openarm_joint_state_pkg) by extension 'colcon_pkg'
[0.573s] Level 1:colcon.colcon_core.package_identification:_identify(src/openarm_joint_state_pkg) by extensions ['colcon_meta']
[0.573s] Level 1:colcon.colcon_core.package_identification:_identify(src/openarm_joint_state_pkg) by extension 'colcon_meta'
[0.573s] Level 1:colcon.colcon_core.package_identification:_identify(src/openarm_joint_state_pkg) by extensions ['ros']
[0.574s] Level 1:colcon.colcon_core.package_identification:_identify(src/openarm_joint_state_pkg) by extension 'ros'
[0.574s] DEBUG:colcon.colcon_core.package_identification:Package 'src/openarm_joint_state_pkg' with type 'ros.ament_python' and name 'openarm_joint_state_pkg'
[0.574s] Level 1:colcon.colcon_core.package_identification:_identify(src/openarm_moveit_config) by extensions ['ignore', 'ignore_ament_install']
[0.575s] Level 1:colcon.colcon_core.package_identification:_identify(src/openarm_moveit_config) by extension 'ignore'
[0.575s] Level 1:colcon.colcon_core.package_identification:_identify(src/openarm_moveit_config) by extension 'ignore_ament_install'
[0.575s] Level 1:colcon.colcon_core.package_identification:_identify(src/openarm_moveit_config) by extensions ['colcon_pkg']
[0.575s] Level 1:colcon.colcon_core.package_identification:_identify(src/openarm_moveit_config) by extension 'colcon_pkg'
[0.575s] Level 1:colcon.colcon_core.package_identification:_identify(src/openarm_moveit_config) by extensions ['colcon_meta']
[0.575s] Level 1:colcon.colcon_core.package_identification:_identify(src/openarm_moveit_config) by extension 'colcon_meta'
[0.575s] Level 1:colcon.colcon_core.package_identification:_identify(src/openarm_moveit_config) by extensions ['ros']
[0.575s] Level 1:colcon.colcon_core.package_identification:_identify(src/openarm_moveit_config) by extension 'ros'
[0.576s] DEBUG:colcon.colcon_core.package_identification:Package 'src/openarm_moveit_config' with type 'ros.ament_cmake' and name 'openarm_moveit_config'
[0.576s] Level 1:colcon.colcon_core.package_discovery:discover_packages(recursive) using defaults
[0.576s] Level 1:colcon.colcon_core.package_discovery:discover_packages(ignore) discover
[0.576s] Level 1:colcon.colcon_core.package_discovery:discover_packages(ignore) using defaults
[0.576s] Level 1:colcon.colcon_core.package_discovery:discover_packages(path) discover
[0.576s] Level 1:colcon.colcon_core.package_discovery:discover_packages(path) using defaults
[0.629s] Level 1:colcon.colcon_core.package_discovery:discover_packages(prefix_path) check parameters
[0.629s] Level 1:colcon.colcon_core.package_discovery:discover_packages(prefix_path) discover
[0.635s] DEBUG:colcon.colcon_installed_package_information.package_discovery:Found 367 installed packages in /opt/ros/humble
[0.637s] Level 1:colcon.colcon_core.package_discovery:discover_packages(prefix_path) using defaults
[0.693s] Level 5:colcon.colcon_core.verb:set package 'openarm_description' build argument 'cmake_args' from command line to 'None'
[0.693s] Level 5:colcon.colcon_core.verb:set package 'openarm_description' build argument 'cmake_target' from command line to 'None'
[0.693s] Level 5:colcon.colcon_core.verb:set package 'openarm_description' build argument 'cmake_target_skip_unavailable' from command line to 'False'
[0.693s] Level 5:colcon.colcon_core.verb:set package 'openarm_description' build argument 'cmake_clean_cache' from command line to 'False'
[0.693s] Level 5:colcon.colcon_core.verb:set package 'openarm_description' build argument 'cmake_clean_first' from command line to 'False'
[0.693s] Level 5:colcon.colcon_core.verb:set package 'openarm_description' build argument 'cmake_force_configure' from command line to 'False'
[0.693s] Level 5:colcon.colcon_core.verb:set package 'openarm_description' build argument 'ament_cmake_args' from command line to 'None'
[0.693s] Level 5:colcon.colcon_core.verb:set package 'openarm_description' build argument 'catkin_cmake_args' from command line to 'None'
[0.693s] Level 5:colcon.colcon_core.verb:set package 'openarm_description' build argument 'catkin_skip_building_tests' from command line to 'False'
[0.693s] DEBUG:colcon.colcon_core.verb:Building package 'openarm_description' with the following arguments: {'ament_cmake_args': None, 'build_base': '/home/shiver/Desktop/openarm_ws/build/openarm_description', 'catkin_cmake_args': None, 'catkin_skip_building_tests': False, 'cmake_args': None, 'cmake_clean_cache': False, 'cmake_clean_first': False, 'cmake_force_configure': False, 'cmake_target': None, 'cmake_target_skip_unavailable': False, 'install_base': '/home/shiver/Desktop/openarm_ws/install/openarm_description', 'merge_install': False, 'path': '/home/shiver/Desktop/openarm_ws/src/openarm_description', 'symlink_install': True, 'test_result_base': None}
[0.694s] Level 5:colcon.colcon_core.verb:set package 'openarm_joint_state_pkg' build argument 'cmake_args' from command line to 'None'
[0.694s] Level 5:colcon.colcon_core.verb:set package 'openarm_joint_state_pkg' build argument 'cmake_target' from command line to 'None'
[0.694s] Level 5:colcon.colcon_core.verb:set package 'openarm_joint_state_pkg' build argument 'cmake_target_skip_unavailable' from command line to 'False'
[0.694s] Level 5:colcon.colcon_core.verb:set package 'openarm_joint_state_pkg' build argument 'cmake_clean_cache' from command line to 'False'
[0.694s] Level 5:colcon.colcon_core.verb:set package 'openarm_joint_state_pkg' build argument 'cmake_clean_first' from command line to 'False'
[0.694s] Level 5:colcon.colcon_core.verb:set package 'openarm_joint_state_pkg' build argument 'cmake_force_configure' from command line to 'False'
[0.694s] Level 5:colcon.colcon_core.verb:set package 'openarm_joint_state_pkg' build argument 'ament_cmake_args' from command line to 'None'
[0.694s] Level 5:colcon.colcon_core.verb:set package 'openarm_joint_state_pkg' build argument 'catkin_cmake_args' from command line to 'None'
[0.694s] Level 5:colcon.colcon_core.verb:set package 'openarm_joint_state_pkg' build argument 'catkin_skip_building_tests' from command line to 'False'
[0.694s] DEBUG:colcon.colcon_core.verb:Building package 'openarm_joint_state_pkg' with the following arguments: {'ament_cmake_args': None, 'build_base': '/home/shiver/Desktop/openarm_ws/build/openarm_joint_state_pkg', 'catkin_cmake_args': None, 'catkin_skip_building_tests': False, 'cmake_args': None, 'cmake_clean_cache': False, 'cmake_clean_first': False, 'cmake_force_configure': False, 'cmake_target': None, 'cmake_target_skip_unavailable': False, 'install_base': '/home/shiver/Desktop/openarm_ws/install/openarm_joint_state_pkg', 'merge_install': False, 'path': '/home/shiver/Desktop/openarm_ws/src/openarm_joint_state_pkg', 'symlink_install': True, 'test_result_base': None}
[0.694s] Level 5:colcon.colcon_core.verb:set package 'openarm_moveit_config' build argument 'cmake_args' from command line to 'None'
[0.694s] Level 5:colcon.colcon_core.verb:set package 'openarm_moveit_config' build argument 'cmake_target' from command line to 'None'
[0.694s] Level 5:colcon.colcon_core.verb:set package 'openarm_moveit_config' build argument 'cmake_target_skip_unavailable' from command line to 'False'
[0.694s] Level 5:colcon.colcon_core.verb:set package 'openarm_moveit_config' build argument 'cmake_clean_cache' from command line to 'False'
[0.694s] Level 5:colcon.colcon_core.verb:set package 'openarm_moveit_config' build argument 'cmake_clean_first' from command line to 'False'
[0.695s] Level 5:colcon.colcon_core.verb:set package 'openarm_moveit_config' build argument 'cmake_force_configure' from command line to 'False'
[0.695s] Level 5:colcon.colcon_core.verb:set package 'openarm_moveit_config' build argument 'ament_cmake_args' from command line to 'None'
[0.695s] Level 5:colcon.colcon_core.verb:set package 'openarm_moveit_config' build argument 'catkin_cmake_args' from command line to 'None'
[0.695s] Level 5:colcon.colcon_core.verb:set package 'openarm_moveit_config' build argument 'catkin_skip_building_tests' from command line to 'False'
[0.695s] DEBUG:colcon.colcon_core.verb:Building package 'openarm_moveit_config' with the following arguments: {'ament_cmake_args': None, 'build_base': '/home/shiver/Desktop/openarm_ws/build/openarm_moveit_config', 'catkin_cmake_args': None, 'catkin_skip_building_tests': False, 'cmake_args': None, 'cmake_clean_cache': False, 'cmake_clean_first': False, 'cmake_force_configure': False, 'cmake_target': None, 'cmake_target_skip_unavailable': False, 'install_base': '/home/shiver/Desktop/openarm_ws/install/openarm_moveit_config', 'merge_install': False, 'path': '/home/shiver/Desktop/openarm_ws/src/openarm_moveit_config', 'symlink_install': True, 'test_result_base': None}
[0.695s] INFO:colcon.colcon_core.executor:Executing jobs using 'parallel' executor
[0.696s] DEBUG:colcon.colcon_parallel_executor.executor.parallel:run_until_complete
[0.697s] INFO:colcon.colcon_ros.task.ament_cmake.build:Building ROS package in '/home/shiver/Desktop/openarm_ws/src/openarm_description' with build type 'ament_cmake'
[0.697s] INFO:colcon.colcon_cmake.task.cmake.build:Building CMake package in '/home/shiver/Desktop/openarm_ws/src/openarm_description'
[0.706s] INFO:colcon.colcon_core.plugin_system:Skipping extension 'colcon_core.shell.bat': Not used on non-Windows systems
[0.706s] INFO:colcon.colcon_core.shell:Skip shell extension 'powershell' for command environment: Not usable outside of PowerShell
[0.706s] DEBUG:colcon.colcon_core.shell:Skip shell extension 'dsv' for command environment
[0.711s] INFO:colcon.colcon_ros.task.ament_python.build:Building ROS package in '/home/shiver/Desktop/openarm_ws/src/openarm_joint_state_pkg' with build type 'ament_python'
[0.711s] Level 1:colcon.colcon_core.shell:create_environment_hook('openarm_joint_state_pkg', 'ament_prefix_path')
[0.711s] INFO:colcon.colcon_core.shell:Creating environment hook '/home/shiver/Desktop/openarm_ws/install/openarm_joint_state_pkg/share/openarm_joint_state_pkg/hook/ament_prefix_path.ps1'
[0.715s] INFO:colcon.colcon_core.shell:Creating environment descriptor '/home/shiver/Desktop/openarm_ws/install/openarm_joint_state_pkg/share/openarm_joint_state_pkg/hook/ament_prefix_path.dsv'
[0.716s] INFO:colcon.colcon_core.shell:Creating environment hook '/home/shiver/Desktop/openarm_ws/install/openarm_joint_state_pkg/share/openarm_joint_state_pkg/hook/ament_prefix_path.sh'
[0.717s] INFO:colcon.colcon_core.shell:Skip shell extension 'powershell' for command environment: Not usable outside of PowerShell
[0.717s] DEBUG:colcon.colcon_core.shell:Skip shell extension 'dsv' for command environment
[0.724s] DEBUG:colcon.colcon_core.event_handler.log_command:Invoking command in '/home/shiver/Desktop/openarm_ws/build/openarm_description': CMAKE_PREFIX_PATH=/opt/ros/humble /usr/bin/cmake /home/shiver/Desktop/openarm_ws/src/openarm_description -DAMENT_CMAKE_SYMLINK_INSTALL=1 -DCMAKE_INSTALL_PREFIX=/home/shiver/Desktop/openarm_ws/install/openarm_description
[1.085s] INFO:colcon.colcon_core.task.python.build:Building Python package in '/home/shiver/Desktop/openarm_ws/src/openarm_joint_state_pkg'
[1.085s] INFO:colcon.colcon_core.shell:Skip shell extension 'powershell' for command environment: Not usable outside of PowerShell
[1.085s] DEBUG:colcon.colcon_core.shell:Skip shell extension 'dsv' for command environment
[1.715s] DEBUG:colcon.colcon_core.event_handler.log_command:Invoking command in '/home/shiver/Desktop/openarm_ws/build/openarm_joint_state_pkg': PYTHONPATH=/home/shiver/Desktop/openarm_ws/build/openarm_joint_state_pkg/prefix_override:/usr/lib/python3/dist-packages/colcon_core/task/python/colcon_distutils_commands:/home/shiver/Desktop/openarm_ws/install/openarm_joint_state_pkg/lib/python3.10/site-packages:${PYTHONPATH} /usr/bin/python3 -W ignore:setup.py install is deprecated -W ignore:easy_install command is deprecated setup.py develop --editable --build-directory /home/shiver/Desktop/openarm_ws/build/openarm_joint_state_pkg/build --no-deps symlink_data
[2.070s] DEBUG:colcon.colcon_core.event_handler.log_command:Invoked command in '/home/shiver/Desktop/openarm_ws/build/openarm_description' returned '0': CMAKE_PREFIX_PATH=/opt/ros/humble /usr/bin/cmake /home/shiver/Desktop/openarm_ws/src/openarm_description -DAMENT_CMAKE_SYMLINK_INSTALL=1 -DCMAKE_INSTALL_PREFIX=/home/shiver/Desktop/openarm_ws/install/openarm_description
[2.071s] DEBUG:colcon.colcon_core.event_handler.log_command:Invoking command in '/home/shiver/Desktop/openarm_ws/build/openarm_description': CMAKE_PREFIX_PATH=/opt/ros/humble /usr/bin/cmake --build /home/shiver/Desktop/openarm_ws/build/openarm_description -- -j8 -l8
[2.122s] DEBUG:colcon.colcon_core.event_handler.log_command:Invoked command in '/home/shiver/Desktop/openarm_ws/build/openarm_description' returned '0': CMAKE_PREFIX_PATH=/opt/ros/humble /usr/bin/cmake --build /home/shiver/Desktop/openarm_ws/build/openarm_description -- -j8 -l8
[2.135s] DEBUG:colcon.colcon_core.event_handler.log_command:Invoking command in '/home/shiver/Desktop/openarm_ws/build/openarm_description': CMAKE_PREFIX_PATH=/opt/ros/humble /usr/bin/cmake --install /home/shiver/Desktop/openarm_ws/build/openarm_description
[2.319s] Level 1:colcon.colcon_core.shell:create_environment_hook('openarm_joint_state_pkg', 'pythonpath_develop')
[2.319s] INFO:colcon.colcon_core.shell:Creating environment hook '/home/shiver/Desktop/openarm_ws/build/openarm_joint_state_pkg/share/openarm_joint_state_pkg/hook/pythonpath_develop.ps1'
[2.320s] DEBUG:colcon.colcon_core.event_handler.log_command:Invoked command in '/home/shiver/Desktop/openarm_ws/build/openarm_joint_state_pkg' returned '0': PYTHONPATH=/home/shiver/Desktop/openarm_ws/build/openarm_joint_state_pkg/prefix_override:/usr/lib/python3/dist-packages/colcon_core/task/python/colcon_distutils_commands:/home/shiver/Desktop/openarm_ws/install/openarm_joint_state_pkg/lib/python3.10/site-packages:${PYTHONPATH} /usr/bin/python3 -W ignore:setup.py install is deprecated -W ignore:easy_install command is deprecated setup.py develop --editable --build-directory /home/shiver/Desktop/openarm_ws/build/openarm_joint_state_pkg/build --no-deps symlink_data
[2.321s] INFO:colcon.colcon_core.shell:Creating environment descriptor '/home/shiver/Desktop/openarm_ws/build/openarm_joint_state_pkg/share/openarm_joint_state_pkg/hook/pythonpath_develop.dsv'
[2.321s] INFO:colcon.colcon_core.shell:Creating environment hook '/home/shiver/Desktop/openarm_ws/build/openarm_joint_state_pkg/share/openarm_joint_state_pkg/hook/pythonpath_develop.sh'
[2.334s] Level 1:colcon.colcon_core.environment:checking '/home/shiver/Desktop/openarm_ws/install/openarm_joint_state_pkg' for CMake module files
[2.335s] Level 1:colcon.colcon_core.environment:checking '/home/shiver/Desktop/openarm_ws/install/openarm_joint_state_pkg' for CMake config files
[2.336s] Level 1:colcon.colcon_core.environment:checking '/home/shiver/Desktop/openarm_ws/install/openarm_joint_state_pkg/lib'
[2.336s] Level 1:colcon.colcon_core.environment:checking '/home/shiver/Desktop/openarm_ws/install/openarm_joint_state_pkg/bin'
[2.336s] Level 1:colcon.colcon_core.environment:checking '/home/shiver/Desktop/openarm_ws/install/openarm_joint_state_pkg/lib/pkgconfig/openarm_joint_state_pkg.pc'
[2.337s] Level 1:colcon.colcon_core.environment:checking '/home/shiver/Desktop/openarm_ws/install/openarm_joint_state_pkg/lib/python3.10/site-packages'
[2.337s] Level 1:colcon.colcon_core.shell:create_environment_hook('openarm_joint_state_pkg', 'pythonpath')
[2.337s] INFO:colcon.colcon_core.shell:Creating environment hook '/home/shiver/Desktop/openarm_ws/install/openarm_joint_state_pkg/share/openarm_joint_state_pkg/hook/pythonpath.ps1'
[2.338s] INFO:colcon.colcon_core.shell:Creating environment descriptor '/home/shiver/Desktop/openarm_ws/install/openarm_joint_state_pkg/share/openarm_joint_state_pkg/hook/pythonpath.dsv'
[2.339s] INFO:colcon.colcon_core.shell:Creating environment hook '/home/shiver/Desktop/openarm_ws/install/openarm_joint_state_pkg/share/openarm_joint_state_pkg/hook/pythonpath.sh'
[2.340s] Level 1:colcon.colcon_core.environment:checking '/home/shiver/Desktop/openarm_ws/install/openarm_joint_state_pkg/bin'
[2.340s] Level 1:colcon.colcon_core.environment:create_environment_scripts_only(openarm_joint_state_pkg)
[2.341s] INFO:colcon.colcon_core.shell:Creating package script '/home/shiver/Desktop/openarm_ws/install/openarm_joint_state_pkg/share/openarm_joint_state_pkg/package.ps1'
[2.343s] INFO:colcon.colcon_core.shell:Creating package descriptor '/home/shiver/Desktop/openarm_ws/install/openarm_joint_state_pkg/share/openarm_joint_state_pkg/package.dsv'
[2.344s] INFO:colcon.colcon_core.shell:Creating package script '/home/shiver/Desktop/openarm_ws/install/openarm_joint_state_pkg/share/openarm_joint_state_pkg/package.sh'
[2.345s] INFO:colcon.colcon_core.shell:Creating package script '/home/shiver/Desktop/openarm_ws/install/openarm_joint_state_pkg/share/openarm_joint_state_pkg/package.bash'
[2.347s] INFO:colcon.colcon_core.shell:Creating package script '/home/shiver/Desktop/openarm_ws/install/openarm_joint_state_pkg/share/openarm_joint_state_pkg/package.zsh'
[2.349s] Level 1:colcon.colcon_core.environment:create_file_with_runtime_dependencies(/home/shiver/Desktop/openarm_ws/install/openarm_joint_state_pkg/share/colcon-core/packages/openarm_joint_state_pkg)
[2.989s] Level 1:colcon.colcon_core.environment:create_environment_scripts_only(openarm_description)
[2.990s] Level 1:colcon.colcon_core.environment:checking '/home/shiver/Desktop/openarm_ws/install/openarm_description' for CMake module files
[2.990s] DEBUG:colcon.colcon_core.event_handler.log_command:Invoked command in '/home/shiver/Desktop/openarm_ws/build/openarm_description' returned '0': CMAKE_PREFIX_PATH=/opt/ros/humble /usr/bin/cmake --install /home/shiver/Desktop/openarm_ws/build/openarm_description
[2.991s] Level 1:colcon.colcon_core.environment:checking '/home/shiver/Desktop/openarm_ws/install/openarm_description' for CMake config files
[2.991s] Level 1:colcon.colcon_core.shell:create_environment_hook('openarm_description', 'cmake_prefix_path')
[2.992s] INFO:colcon.colcon_core.shell:Creating environment hook '/home/shiver/Desktop/openarm_ws/install/openarm_description/share/openarm_description/hook/cmake_prefix_path.ps1'
[2.992s] INFO:colcon.colcon_core.shell:Creating environment descriptor '/home/shiver/Desktop/openarm_ws/install/openarm_description/share/openarm_description/hook/cmake_prefix_path.dsv'
[2.993s] INFO:colcon.colcon_core.shell:Creating environment hook '/home/shiver/Desktop/openarm_ws/install/openarm_description/share/openarm_description/hook/cmake_prefix_path.sh'
[2.994s] Level 1:colcon.colcon_core.environment:checking '/home/shiver/Desktop/openarm_ws/install/openarm_description/bin'
[2.994s] Level 1:colcon.colcon_core.environment:checking '/home/shiver/Desktop/openarm_ws/install/openarm_description/lib/pkgconfig/openarm_description.pc'
[2.994s] Level 1:colcon.colcon_core.environment:checking '/home/shiver/Desktop/openarm_ws/install/openarm_description/lib/python3.10/site-packages'
[2.995s] Level 1:colcon.colcon_core.environment:checking '/home/shiver/Desktop/openarm_ws/install/openarm_description/bin'
[2.995s] INFO:colcon.colcon_core.shell:Creating package script '/home/shiver/Desktop/openarm_ws/install/openarm_description/share/openarm_description/package.ps1'
[2.996s] INFO:colcon.colcon_core.shell:Creating package descriptor '/home/shiver/Desktop/openarm_ws/install/openarm_description/share/openarm_description/package.dsv'
[2.996s] INFO:colcon.colcon_core.shell:Creating package script '/home/shiver/Desktop/openarm_ws/install/openarm_description/share/openarm_description/package.sh'
[2.997s] INFO:colcon.colcon_core.shell:Creating package script '/home/shiver/Desktop/openarm_ws/install/openarm_description/share/openarm_description/package.bash'
[2.997s] INFO:colcon.colcon_core.shell:Creating package script '/home/shiver/Desktop/openarm_ws/install/openarm_description/share/openarm_description/package.zsh'
[2.998s] Level 1:colcon.colcon_core.environment:create_file_with_runtime_dependencies(/home/shiver/Desktop/openarm_ws/install/openarm_description/share/colcon-core/packages/openarm_description)
[2.999s] Level 1:colcon.colcon_core.environment:create_environment_scripts_only(openarm_description)
[2.999s] Level 1:colcon.colcon_core.environment:checking '/home/shiver/Desktop/openarm_ws/install/openarm_description' for CMake module files
[3.000s] Level 1:colcon.colcon_core.environment:checking '/home/shiver/Desktop/openarm_ws/install/openarm_description' for CMake config files
[3.000s] Level 1:colcon.colcon_core.shell:create_environment_hook('openarm_description', 'cmake_prefix_path')
[3.001s] INFO:colcon.colcon_core.shell:Creating environment hook '/home/shiver/Desktop/openarm_ws/install/openarm_description/share/openarm_description/hook/cmake_prefix_path.ps1'
[3.002s] INFO:colcon.colcon_core.shell:Creating environment descriptor '/home/shiver/Desktop/openarm_ws/install/openarm_description/share/openarm_description/hook/cmake_prefix_path.dsv'
[3.002s] INFO:colcon.colcon_core.shell:Creating environment hook '/home/shiver/Desktop/openarm_ws/install/openarm_description/share/openarm_description/hook/cmake_prefix_path.sh'
[3.003s] Level 1:colcon.colcon_core.environment:checking '/home/shiver/Desktop/openarm_ws/install/openarm_description/bin'
[3.003s] Level 1:colcon.colcon_core.environment:checking '/home/shiver/Desktop/openarm_ws/install/openarm_description/lib/pkgconfig/openarm_description.pc'
[3.004s] Level 1:colcon.colcon_core.environment:checking '/home/shiver/Desktop/openarm_ws/install/openarm_description/lib/python3.10/site-packages'
[3.004s] Level 1:colcon.colcon_core.environment:checking '/home/shiver/Desktop/openarm_ws/install/openarm_description/bin'
[3.005s] INFO:colcon.colcon_core.shell:Creating package script '/home/shiver/Desktop/openarm_ws/install/openarm_description/share/openarm_description/package.ps1'
[3.006s] INFO:colcon.colcon_core.shell:Creating package descriptor '/home/shiver/Desktop/openarm_ws/install/openarm_description/share/openarm_description/package.dsv'
[3.007s] INFO:colcon.colcon_core.shell:Creating package script '/home/shiver/Desktop/openarm_ws/install/openarm_description/share/openarm_description/package.sh'
[3.007s] INFO:colcon.colcon_core.shell:Creating package script '/home/shiver/Desktop/openarm_ws/install/openarm_description/share/openarm_description/package.bash'
[3.008s] INFO:colcon.colcon_core.shell:Creating package script '/home/shiver/Desktop/openarm_ws/install/openarm_description/share/openarm_description/package.zsh'
[3.009s] Level 1:colcon.colcon_core.environment:create_file_with_runtime_dependencies(/home/shiver/Desktop/openarm_ws/install/openarm_description/share/colcon-core/packages/openarm_description)
[3.009s] INFO:colcon.colcon_ros.task.ament_cmake.build:Building ROS package in '/home/shiver/Desktop/openarm_ws/src/openarm_moveit_config' with build type 'ament_cmake'
[3.010s] INFO:colcon.colcon_cmake.task.cmake.build:Building CMake package in '/home/shiver/Desktop/openarm_ws/src/openarm_moveit_config'
[3.010s] INFO:colcon.colcon_core.shell:Skip shell extension 'powershell' for command environment: Not usable outside of PowerShell
[3.010s] DEBUG:colcon.colcon_core.shell:Skip shell extension 'dsv' for command environment
[3.022s] DEBUG:colcon.colcon_core.event_handler.log_command:Invoking command in '/home/shiver/Desktop/openarm_ws/build/openarm_moveit_config': AMENT_PREFIX_PATH=/home/shiver/Desktop/openarm_ws/install/openarm_description:${AMENT_PREFIX_PATH} CMAKE_PREFIX_PATH=/home/shiver/Desktop/openarm_ws/install/openarm_description:/opt/ros/humble /usr/bin/cmake /home/shiver/Desktop/openarm_ws/src/openarm_moveit_config -DAMENT_CMAKE_SYMLINK_INSTALL=1 -DCMAKE_INSTALL_PREFIX=/home/shiver/Desktop/openarm_ws/install/openarm_moveit_config
[3.844s] DEBUG:colcon.colcon_core.event_handler.log_command:Invoked command in '/home/shiver/Desktop/openarm_ws/build/openarm_moveit_config' returned '0': AMENT_PREFIX_PATH=/home/shiver/Desktop/openarm_ws/install/openarm_description:${AMENT_PREFIX_PATH} CMAKE_PREFIX_PATH=/home/shiver/Desktop/openarm_ws/install/openarm_description:/opt/ros/humble /usr/bin/cmake /home/shiver/Desktop/openarm_ws/src/openarm_moveit_config -DAMENT_CMAKE_SYMLINK_INSTALL=1 -DCMAKE_INSTALL_PREFIX=/home/shiver/Desktop/openarm_ws/install/openarm_moveit_config
[3.846s] DEBUG:colcon.colcon_core.event_handler.log_command:Invoking command in '/home/shiver/Desktop/openarm_ws/build/openarm_moveit_config': AMENT_PREFIX_PATH=/home/shiver/Desktop/openarm_ws/install/openarm_description:${AMENT_PREFIX_PATH} CMAKE_PREFIX_PATH=/home/shiver/Desktop/openarm_ws/install/openarm_description:/opt/ros/humble /usr/bin/cmake --build /home/shiver/Desktop/openarm_ws/build/openarm_moveit_config -- -j8 -l8
[3.894s] DEBUG:colcon.colcon_core.event_handler.log_command:Invoked command in '/home/shiver/Desktop/openarm_ws/build/openarm_moveit_config' returned '0': AMENT_PREFIX_PATH=/home/shiver/Desktop/openarm_ws/install/openarm_description:${AMENT_PREFIX_PATH} CMAKE_PREFIX_PATH=/home/shiver/Desktop/openarm_ws/install/openarm_description:/opt/ros/humble /usr/bin/cmake --build /home/shiver/Desktop/openarm_ws/build/openarm_moveit_config -- -j8 -l8
[3.898s] DEBUG:colcon.colcon_core.event_handler.log_command:Invoking command in '/home/shiver/Desktop/openarm_ws/build/openarm_moveit_config': AMENT_PREFIX_PATH=/home/shiver/Desktop/openarm_ws/install/openarm_description:${AMENT_PREFIX_PATH} CMAKE_PREFIX_PATH=/home/shiver/Desktop/openarm_ws/install/openarm_description:/opt/ros/humble /usr/bin/cmake --install /home/shiver/Desktop/openarm_ws/build/openarm_moveit_config
[4.465s] Level 1:colcon.colcon_core.environment:create_environment_scripts_only(openarm_moveit_config)
[4.465s] Level 1:colcon.colcon_core.environment:checking '/home/shiver/Desktop/openarm_ws/install/openarm_moveit_config' for CMake module files
[4.466s] Level 1:colcon.colcon_core.environment:checking '/home/shiver/Desktop/openarm_ws/install/openarm_moveit_config' for CMake config files
[4.466s] Level 1:colcon.colcon_core.shell:create_environment_hook('openarm_moveit_config', 'cmake_prefix_path')
[4.466s] INFO:colcon.colcon_core.shell:Creating environment hook '/home/shiver/Desktop/openarm_ws/install/openarm_moveit_config/share/openarm_moveit_config/hook/cmake_prefix_path.ps1'
[4.469s] DEBUG:colcon.colcon_core.event_handler.log_command:Invoked command in '/home/shiver/Desktop/openarm_ws/build/openarm_moveit_config' returned '0': AMENT_PREFIX_PATH=/home/shiver/Desktop/openarm_ws/install/openarm_description:${AMENT_PREFIX_PATH} CMAKE_PREFIX_PATH=/home/shiver/Desktop/openarm_ws/install/openarm_description:/opt/ros/humble /usr/bin/cmake --install /home/shiver/Desktop/openarm_ws/build/openarm_moveit_config
[4.469s] INFO:colcon.colcon_core.shell:Creating environment descriptor '/home/shiver/Desktop/openarm_ws/install/openarm_moveit_config/share/openarm_moveit_config/hook/cmake_prefix_path.dsv'
[4.470s] INFO:colcon.colcon_core.shell:Creating environment hook '/home/shiver/Desktop/openarm_ws/install/openarm_moveit_config/share/openarm_moveit_config/hook/cmake_prefix_path.sh'
[4.471s] Level 1:colcon.colcon_core.environment:checking '/home/shiver/Desktop/openarm_ws/install/openarm_moveit_config/bin'
[4.471s] Level 1:colcon.colcon_core.environment:checking '/home/shiver/Desktop/openarm_ws/install/openarm_moveit_config/lib/pkgconfig/openarm_moveit_config.pc'
[4.471s] Level 1:colcon.colcon_core.environment:checking '/home/shiver/Desktop/openarm_ws/install/openarm_moveit_config/lib/python3.10/site-packages'
[4.472s] Level 1:colcon.colcon_core.environment:checking '/home/shiver/Desktop/openarm_ws/install/openarm_moveit_config/bin'
[4.472s] INFO:colcon.colcon_core.shell:Creating package script '/home/shiver/Desktop/openarm_ws/install/openarm_moveit_config/share/openarm_moveit_config/package.ps1'
[4.473s] INFO:colcon.colcon_core.shell:Creating package descriptor '/home/shiver/Desktop/openarm_ws/install/openarm_moveit_config/share/openarm_moveit_config/package.dsv'
[4.473s] INFO:colcon.colcon_core.shell:Creating package script '/home/shiver/Desktop/openarm_ws/install/openarm_moveit_config/share/openarm_moveit_config/package.sh'
[4.474s] INFO:colcon.colcon_core.shell:Creating package script '/home/shiver/Desktop/openarm_ws/install/openarm_moveit_config/share/openarm_moveit_config/package.bash'
[4.474s] INFO:colcon.colcon_core.shell:Creating package script '/home/shiver/Desktop/openarm_ws/install/openarm_moveit_config/share/openarm_moveit_config/package.zsh'
[4.475s] Level 1:colcon.colcon_core.environment:create_file_with_runtime_dependencies(/home/shiver/Desktop/openarm_ws/install/openarm_moveit_config/share/colcon-core/packages/openarm_moveit_config)
[4.475s] Level 1:colcon.colcon_core.environment:create_environment_scripts_only(openarm_moveit_config)
[4.476s] Level 1:colcon.colcon_core.environment:checking '/home/shiver/Desktop/openarm_ws/install/openarm_moveit_config' for CMake module files
[4.476s] Level 1:colcon.colcon_core.environment:checking '/home/shiver/Desktop/openarm_ws/install/openarm_moveit_config' for CMake config files
[4.477s] Level 1:colcon.colcon_core.shell:create_environment_hook('openarm_moveit_config', 'cmake_prefix_path')
[4.477s] INFO:colcon.colcon_core.shell:Creating environment hook '/home/shiver/Desktop/openarm_ws/install/openarm_moveit_config/share/openarm_moveit_config/hook/cmake_prefix_path.ps1'
[4.477s] INFO:colcon.colcon_core.shell:Creating environment descriptor '/home/shiver/Desktop/openarm_ws/install/openarm_moveit_config/share/openarm_moveit_config/hook/cmake_prefix_path.dsv'
[4.478s] INFO:colcon.colcon_core.shell:Creating environment hook '/home/shiver/Desktop/openarm_ws/install/openarm_moveit_config/share/openarm_moveit_config/hook/cmake_prefix_path.sh'
[4.479s] Level 1:colcon.colcon_core.environment:checking '/home/shiver/Desktop/openarm_ws/install/openarm_moveit_config/bin'
[4.479s] Level 1:colcon.colcon_core.environment:checking '/home/shiver/Desktop/openarm_ws/install/openarm_moveit_config/lib/pkgconfig/openarm_moveit_config.pc'
[4.480s] Level 1:colcon.colcon_core.environment:checking '/home/shiver/Desktop/openarm_ws/install/openarm_moveit_config/lib/python3.10/site-packages'
[4.480s] Level 1:colcon.colcon_core.environment:checking '/home/shiver/Desktop/openarm_ws/install/openarm_moveit_config/bin'
[4.480s] INFO:colcon.colcon_core.shell:Creating package script '/home/shiver/Desktop/openarm_ws/install/openarm_moveit_config/share/openarm_moveit_config/package.ps1'
[4.481s] INFO:colcon.colcon_core.shell:Creating package descriptor '/home/shiver/Desktop/openarm_ws/install/openarm_moveit_config/share/openarm_moveit_config/package.dsv'
[4.482s] INFO:colcon.colcon_core.shell:Creating package script '/home/shiver/Desktop/openarm_ws/install/openarm_moveit_config/share/openarm_moveit_config/package.sh'
[4.482s] INFO:colcon.colcon_core.shell:Creating package script '/home/shiver/Desktop/openarm_ws/install/openarm_moveit_config/share/openarm_moveit_config/package.bash'
[4.483s] INFO:colcon.colcon_core.shell:Creating package script '/home/shiver/Desktop/openarm_ws/install/openarm_moveit_config/share/openarm_moveit_config/package.zsh'
[4.483s] Level 1:colcon.colcon_core.environment:create_file_with_runtime_dependencies(/home/shiver/Desktop/openarm_ws/install/openarm_moveit_config/share/colcon-core/packages/openarm_moveit_config)
[4.484s] DEBUG:colcon.colcon_parallel_executor.executor.parallel:closing loop
[4.484s] DEBUG:colcon.colcon_parallel_executor.executor.parallel:loop closed
[4.485s] DEBUG:colcon.colcon_parallel_executor.executor.parallel:run_until_complete finished with '0'
[4.485s] DEBUG:colcon.colcon_core.event_reactor:joining thread
[4.494s] INFO:colcon.colcon_core.plugin_system:Skipping extension 'colcon_notification.desktop_notification.terminal_notifier': Not used on non-Darwin systems
[4.494s] INFO:colcon.colcon_core.plugin_system:Skipping extension 'colcon_notification.desktop_notification.win32': Not used on non-Windows systems
[4.494s] INFO:colcon.colcon_notification.desktop_notification:Sending desktop notification using 'notify2'
[4.528s] DEBUG:colcon.colcon_core.event_reactor:joined thread
[4.529s] INFO:colcon.colcon_core.shell:Creating prefix script '/home/shiver/Desktop/openarm_ws/install/local_setup.ps1'
[4.530s] INFO:colcon.colcon_core.shell:Creating prefix util module '/home/shiver/Desktop/openarm_ws/install/_local_setup_util_ps1.py'
[4.532s] INFO:colcon.colcon_core.shell:Creating prefix chain script '/home/shiver/Desktop/openarm_ws/install/setup.ps1'
[4.538s] INFO:colcon.colcon_core.shell:Creating prefix script '/home/shiver/Desktop/openarm_ws/install/local_setup.sh'
[4.539s] INFO:colcon.colcon_core.shell:Creating prefix util module '/home/shiver/Desktop/openarm_ws/install/_local_setup_util_sh.py'
[4.541s] INFO:colcon.colcon_core.shell:Creating prefix chain script '/home/shiver/Desktop/openarm_ws/install/setup.sh'
[4.543s] INFO:colcon.colcon_core.shell:Creating prefix script '/home/shiver/Desktop/openarm_ws/install/local_setup.bash'
[4.544s] INFO:colcon.colcon_core.shell:Creating prefix chain script '/home/shiver/Desktop/openarm_ws/install/setup.bash'
[4.546s] INFO:colcon.colcon_core.shell:Creating prefix script '/home/shiver/Desktop/openarm_ws/install/local_setup.zsh'
[4.547s] INFO:colcon.colcon_core.shell:Creating prefix chain script '/home/shiver/Desktop/openarm_ws/install/setup.zsh'
