[0.051s] Invoking command in '/home/shiver/Desktop/openarm_ws/build/mujoco_ros2_control_demos': CMAKE_PREFIX_PATH=/opt/ros/humble /usr/bin/cmake /home/shiver/Desktop/openarm_ws/src/mujoco_ros2_control/mujoco_ros2_control_demos -DAMENT_CMAKE_SYMLINK_INSTALL=1 -DCMAKE_INSTALL_PREFIX=/home/shiver/Desktop/openarm_ws/install/mujoco_ros2_control_demos
[0.212s] -- The C compiler identification is GNU 11.4.0
[0.362s] -- The CXX compiler identification is GNU 11.4.0
[0.383s] -- Detecting C compiler ABI info
[0.480s] -- Detecting C compiler ABI info - done
[0.492s] -- Check for working C compiler: /usr/bin/cc - skipped
[0.493s] -- Detecting C compile features
[0.493s] -- Detecting C compile features - done
[0.498s] -- Detecting CXX compiler ABI info
[0.629s] -- Detecting CXX compiler ABI info - done
[0.640s] -- Check for working CXX compiler: /usr/bin/c++ - skipped
[0.640s] -- Detecting CXX compile features
[0.640s] -- Detecting CXX compile features - done
[0.642s] -- Found ament_cmake: 1.3.12 (/opt/ros/humble/share/ament_cmake/cmake)
[0.857s] -- Found Python3: /usr/bin/python3 (found version "3.10.12") found components: Interpreter 
[0.956s] -- Override CMake install command with custom implementation using symlinks instead of copying resources
[1.016s] -- Found rclcpp: 16.0.16 (/opt/ros/humble/share/rclcpp/cmake)
[1.114s] -- Found rosidl_generator_c: 3.1.7 (/opt/ros/humble/share/rosidl_generator_c/cmake)
[1.126s] -- Found rosidl_adapter: 3.1.7 (/opt/ros/humble/share/rosidl_adapter/cmake)
[1.146s] -- Found rosidl_generator_cpp: 3.1.7 (/opt/ros/humble/share/rosidl_generator_cpp/cmake)
[1.178s] -- Using all available rosidl_typesupport_c: rosidl_typesupport_fastrtps_c;rosidl_typesupport_introspection_c
[1.215s] -- Using all available rosidl_typesupport_cpp: rosidl_typesupport_fastrtps_cpp;rosidl_typesupport_introspection_cpp
[1.312s] -- Found rmw_implementation_cmake: 6.1.2 (/opt/ros/humble/share/rmw_implementation_cmake/cmake)
[1.319s] -- Found rmw_fastrtps_cpp: 6.2.9 (/opt/ros/humble/share/rmw_fastrtps_cpp/cmake)
[1.459s] -- Found OpenSSL: /usr/lib/x86_64-linux-gnu/libcrypto.so (found version "3.0.2")  
[1.498s] -- Found FastRTPS: /opt/ros/humble/include  
[1.553s] -- Using RMW implementation 'rmw_fastrtps_cpp' as default
[1.576s] -- Looking for pthread.h
[1.680s] -- Looking for pthread.h - found
[1.682s] -- Performing Test CMAKE_HAVE_LIBC_PTHREAD
[1.778s] -- Performing Test CMAKE_HAVE_LIBC_PTHREAD - Success
[1.778s] -- Found Threads: TRUE  
[1.885s] -- Found rclcpp_action: 16.0.16 (/opt/ros/humble/share/rclcpp_action/cmake)
[1.963s] -- Found control_msgs: 4.8.0 (/opt/ros/humble/share/control_msgs/cmake)
[2.100s] -- Found ament_lint_auto: 0.12.14 (/opt/ros/humble/share/ament_lint_auto/cmake)
[2.218s] -- Added test 'clang_format' to check C / C++ code style
[2.222s] -- Added test 'cppcheck' to perform static code analysis on C / C++ code
[2.222s] -- Configured cppcheck include dirs: 
[2.222s] -- Configured cppcheck exclude dirs and/or files: 
[2.224s] -- Added test 'cpplint' to check C / C++ code against the Google style
[2.224s] -- Configured cpplint exclude dirs and/or files: 
[2.226s] -- Added test 'lint_cmake' to check CMake code style
[2.226s] -- Added test 'copyright' to check source files copyright and LICENSE
[2.230s] -- Configuring done
[2.270s] -- Generating done
[2.284s] -- Build files have been written to: /home/shiver/Desktop/openarm_ws/build/mujoco_ros2_control_demos
[2.297s] Invoked command in '/home/shiver/Desktop/openarm_ws/build/mujoco_ros2_control_demos' returned '0': CMAKE_PREFIX_PATH=/opt/ros/humble /usr/bin/cmake /home/shiver/Desktop/openarm_ws/src/mujoco_ros2_control/mujoco_ros2_control_demos -DAMENT_CMAKE_SYMLINK_INSTALL=1 -DCMAKE_INSTALL_PREFIX=/home/shiver/Desktop/openarm_ws/install/mujoco_ros2_control_demos
[2.298s] Invoking command in '/home/shiver/Desktop/openarm_ws/build/mujoco_ros2_control_demos': CMAKE_PREFIX_PATH=/opt/ros/humble /usr/bin/cmake --build /home/shiver/Desktop/openarm_ws/build/mujoco_ros2_control_demos -- -j8 -l8
[2.362s] [  8%] [32mBuilding CXX object CMakeFiles/example_effort.dir/examples/example_effort.cpp.o[0m
[2.362s] [ 16%] [32mBuilding CXX object CMakeFiles/example_position.dir/examples/example_position.cpp.o[0m
[2.368s] [ 25%] [32mBuilding CXX object CMakeFiles/example_velocity.dir/examples/example_velocity.cpp.o[0m
[2.373s] [ 33%] [32mBuilding CXX object CMakeFiles/example_gripper.dir/examples/example_gripper.cpp.o[0m
[2.373s] [ 41%] [32mBuilding CXX object CMakeFiles/example_diff_drive.dir/examples/example_diff_drive.cpp.o[0m
[2.375s] [ 50%] [32mBuilding CXX object CMakeFiles/example_tricycle_drive.dir/examples/example_tricycle_drive.cpp.o[0m
[11.072s] [ 58%] [32m[1mLinking CXX executable example_tricycle_drive[0m
[11.096s] [ 66%] [32m[1mLinking CXX executable example_diff_drive[0m
[11.156s] [ 75%] [32m[1mLinking CXX executable example_effort[0m
[11.191s] [ 83%] [32m[1mLinking CXX executable example_gripper[0m
[11.511s] [ 83%] Built target example_gripper
[11.511s] [ 83%] Built target example_effort
[11.520s] [ 83%] Built target example_diff_drive
[11.522s] [ 83%] Built target example_tricycle_drive
[11.569s] [ 91%] [32m[1mLinking CXX executable example_velocity[0m
[11.765s] [100%] [32m[1mLinking CXX executable example_position[0m
[11.829s] [100%] Built target example_velocity
[12.031s] [100%] Built target example_position
