[0.046s] Invoking command in '/home/shiver/Desktop/openarm_ws/build/mujoco_ros2_control': CMAKE_PREFIX_PATH=/opt/ros/humble /usr/bin/cmake /home/shiver/Desktop/openarm_ws/src/mujoco_ros2_control/mujoco_ros2_control -DAMENT_CMAKE_SYMLINK_INSTALL=1 -DCMAKE_INSTALL_PREFIX=/home/shiver/Desktop/openarm_ws/install/mujoco_ros2_control
[0.217s] -- The C compiler identification is GNU 11.4.0
[0.367s] -- The CXX compiler identification is GNU 11.4.0
[0.384s] -- Detecting C compiler ABI info
[0.485s] -- Detecting C compiler ABI info - done
[0.493s] -- Check for working C compiler: /usr/bin/cc - skipped
[0.493s] -- Detecting C compile features
[0.495s] -- Detecting C compile features - done
[0.502s] -- Detecting CXX compiler ABI info
[0.621s] -- Detecting CXX compiler ABI info - done
[0.630s] -- Check for working CXX compiler: /usr/bin/c++ - skipped
[0.631s] -- Detecting CXX compile features
[0.631s] -- Detecting CXX compile features - done
[0.637s] -- Found ament_cmake: 1.3.12 (/opt/ros/humble/share/ament_cmake/cmake)
[0.865s] -- Found Python3: /usr/bin/python3 (found version "3.10.12") found components: Interpreter 
[0.961s] -- Override CMake install command with custom implementation using symlinks instead of copying resources
[1.020s] -- Found rclcpp: 16.0.16 (/opt/ros/humble/share/rclcpp/cmake)
[1.118s] -- Found rosidl_generator_c: 3.1.7 (/opt/ros/humble/share/rosidl_generator_c/cmake)
[1.130s] -- Found rosidl_adapter: 3.1.7 (/opt/ros/humble/share/rosidl_adapter/cmake)
[1.150s] -- Found rosidl_generator_cpp: 3.1.7 (/opt/ros/humble/share/rosidl_generator_cpp/cmake)
[1.182s] -- Using all available rosidl_typesupport_c: rosidl_typesupport_fastrtps_c;rosidl_typesupport_introspection_c
[1.217s] -- Using all available rosidl_typesupport_cpp: rosidl_typesupport_fastrtps_cpp;rosidl_typesupport_introspection_cpp
[1.316s] -- Found rmw_implementation_cmake: 6.1.2 (/opt/ros/humble/share/rmw_implementation_cmake/cmake)
[1.322s] -- Found rmw_fastrtps_cpp: 6.2.9 (/opt/ros/humble/share/rmw_fastrtps_cpp/cmake)
[1.464s] -- Found OpenSSL: /usr/lib/x86_64-linux-gnu/libcrypto.so (found version "3.0.2")  
[1.502s] -- Found FastRTPS: /opt/ros/humble/include  
[1.557s] -- Using RMW implementation 'rmw_fastrtps_cpp' as default
[1.577s] -- Looking for pthread.h
[1.691s] -- Looking for pthread.h - found
[1.692s] -- Performing Test CMAKE_HAVE_LIBC_PTHREAD
[1.782s] -- Performing Test CMAKE_HAVE_LIBC_PTHREAD - Success
[1.782s] -- Found Threads: TRUE  
[1.891s] -- Found hardware_interface: 2.52.2 (/opt/ros/humble/share/hardware_interface/cmake)
[2.202s] -- Found controller_manager: 2.52.2 (/opt/ros/humble/share/controller_manager/cmake)
[2.276s] -- Found joint_limits: 2.52.2 (/opt/ros/humble/share/joint_limits/cmake)
[2.322s] -- Found control_toolbox: 3.6.2 (/opt/ros/humble/share/control_toolbox/cmake)
[2.425s] -- Found ament_lint_auto: 0.12.14 (/opt/ros/humble/share/ament_lint_auto/cmake)
[2.537s] -- Added test 'clang_format' to check C / C++ code style
[2.537s] -- Added test 'cppcheck' to perform static code analysis on C / C++ code
[2.538s] -- Configured cppcheck include dirs: /home/shiver/Desktop/openarm_ws/src/mujoco_ros2_control/mujoco_ros2_control/include
[2.538s] -- Configured cppcheck exclude dirs and/or files: 
[2.539s] -- Added test 'cpplint' to check C / C++ code against the Google style
[2.539s] -- Configured cpplint exclude dirs and/or files: 
[2.540s] -- Added test 'lint_cmake' to check CMake code style
[2.541s] -- Added test 'copyright' to check source files copyright and LICENSE
[2.542s] -- Configuring done
[2.545s] [0mCMake Error: The following variables are used in this project, but they are set to NOTFOUND.
[2.545s] Please set them or make sure they are set and tested correctly in the CMake files:
[2.546s] MUJOCO_LIB
[2.546s]     linked by target "mujoco_ros2_control" in directory /home/shiver/Desktop/openarm_ws/src/mujoco_ros2_control/mujoco_ros2_control
[2.546s]     linked by target "mujoco_system_plugins" in directory /home/shiver/Desktop/openarm_ws/src/mujoco_ros2_control/mujoco_ros2_control
[2.546s] [0m
[2.583s] -- Generating done
[2.583s] [0mCMake Generate step failed.  Build files cannot be regenerated correctly.[0m
[2.602s] Invoked command in '/home/shiver/Desktop/openarm_ws/build/mujoco_ros2_control' returned '1': CMAKE_PREFIX_PATH=/opt/ros/humble /usr/bin/cmake /home/shiver/Desktop/openarm_ws/src/mujoco_ros2_control/mujoco_ros2_control -DAMENT_CMAKE_SYMLINK_INSTALL=1 -DCMAKE_INSTALL_PREFIX=/home/shiver/Desktop/openarm_ws/install/mujoco_ros2_control
