running develop
running egg_info
creating openarm_joint_state_pkg.egg-info
writing openarm_joint_state_pkg.egg-info/PKG-INFO
writing dependency_links to openarm_joint_state_pkg.egg-info/dependency_links.txt
writing entry points to openarm_joint_state_pkg.egg-info/entry_points.txt
writing requirements to openarm_joint_state_pkg.egg-info/requires.txt
writing top-level names to openarm_joint_state_pkg.egg-info/top_level.txt
writing manifest file 'openarm_joint_state_pkg.egg-info/SOURCES.txt'
reading manifest file 'openarm_joint_state_pkg.egg-info/SOURCES.txt'
writing manifest file 'openarm_joint_state_pkg.egg-info/SOURCES.txt'
running build_ext
Creating /home/shiver/Desktop/openarm_ws/install/openarm_joint_state_pkg/lib/python3.10/site-packages/openarm-joint-state-pkg.egg-link (link to .)
Installing joint_state_subscriber script to /home/shiver/Desktop/openarm_ws/install/openarm_joint_state_pkg/lib/openarm_joint_state_pkg

Installed /home/shiver/Desktop/openarm_ws/build/openarm_joint_state_pkg
running symlink_data
creating /home/shiver/Desktop/openarm_ws/install/openarm_joint_state_pkg/share/ament_index
creating /home/shiver/Desktop/openarm_ws/install/openarm_joint_state_pkg/share/ament_index/resource_index
creating /home/shiver/Desktop/openarm_ws/install/openarm_joint_state_pkg/share/ament_index/resource_index/packages
symbolically linking /home/shiver/Desktop/openarm_ws/build/openarm_joint_state_pkg/resource/openarm_joint_state_pkg -> /home/shiver/Desktop/openarm_ws/install/openarm_joint_state_pkg/share/ament_index/resource_index/packages
symbolically linking /home/shiver/Desktop/openarm_ws/build/openarm_joint_state_pkg/package.xml -> /home/shiver/Desktop/openarm_ws/install/openarm_joint_state_pkg/share/openarm_joint_state_pkg
