[1.002s] Invoking command in '/home/shiver/Desktop/openarm_ws/build/openarm_joint_state_pkg': PYTHONPATH=/home/shiver/Desktop/openarm_ws/build/openarm_joint_state_pkg/prefix_override:/usr/lib/python3/dist-packages/colcon_core/task/python/colcon_distutils_commands:/home/shiver/Desktop/openarm_ws/install/openarm_joint_state_pkg/lib/python3.10/site-packages:${PYTHONPATH} /usr/bin/python3 -W ignore:setup.py install is deprecated -W ignore:easy_install command is deprecated setup.py develop --editable --build-directory /home/shiver/Desktop/openarm_ws/build/openarm_joint_state_pkg/build --no-deps symlink_data
[1.378s] running develop
[1.447s] /usr/lib/python3/dist-packages/pkg_resources/__init__.py:116: PkgResourcesDeprecationWarning: 0.1.43ubuntu1 is an invalid version and will not be supported in a future release
[1.447s]   warnings.warn(
[1.448s] /usr/lib/python3/dist-packages/pkg_resources/__init__.py:116: PkgResourcesDeprecationWarning: 1.1build1 is an invalid version and will not be supported in a future release
[1.448s]   warnings.warn(
[1.569s] running egg_info
[1.569s] creating openarm_joint_state_pkg.egg-info
[1.569s] writing openarm_joint_state_pkg.egg-info/PKG-INFO
[1.571s] writing dependency_links to openarm_joint_state_pkg.egg-info/dependency_links.txt
[1.571s] writing entry points to openarm_joint_state_pkg.egg-info/entry_points.txt
[1.571s] writing requirements to openarm_joint_state_pkg.egg-info/requires.txt
[1.571s] writing top-level names to openarm_joint_state_pkg.egg-info/top_level.txt
[1.571s] writing manifest file 'openarm_joint_state_pkg.egg-info/SOURCES.txt'
[1.571s] reading manifest file 'openarm_joint_state_pkg.egg-info/SOURCES.txt'
[1.571s] writing manifest file 'openarm_joint_state_pkg.egg-info/SOURCES.txt'
[1.572s] running build_ext
[1.572s] Creating /home/shiver/Desktop/openarm_ws/install/openarm_joint_state_pkg/lib/python3.10/site-packages/openarm-joint-state-pkg.egg-link (link to .)
[1.572s] Installing joint_state_subscriber script to /home/shiver/Desktop/openarm_ws/install/openarm_joint_state_pkg/lib/openarm_joint_state_pkg
[1.573s] 
[1.575s] Installed /home/shiver/Desktop/openarm_ws/build/openarm_joint_state_pkg
[1.575s] running symlink_data
[1.576s] creating /home/shiver/Desktop/openarm_ws/install/openarm_joint_state_pkg/share/ament_index
[1.576s] creating /home/shiver/Desktop/openarm_ws/install/openarm_joint_state_pkg/share/ament_index/resource_index
[1.576s] creating /home/shiver/Desktop/openarm_ws/install/openarm_joint_state_pkg/share/ament_index/resource_index/packages
[1.576s] symbolically linking /home/shiver/Desktop/openarm_ws/build/openarm_joint_state_pkg/resource/openarm_joint_state_pkg -> /home/shiver/Desktop/openarm_ws/install/openarm_joint_state_pkg/share/ament_index/resource_index/packages
[1.576s] symbolically linking /home/shiver/Desktop/openarm_ws/build/openarm_joint_state_pkg/package.xml -> /home/shiver/Desktop/openarm_ws/install/openarm_joint_state_pkg/share/openarm_joint_state_pkg
[1.607s] Invoked command in '/home/shiver/Desktop/openarm_ws/build/openarm_joint_state_pkg' returned '0': PYTHONPATH=/home/shiver/Desktop/openarm_ws/build/openarm_joint_state_pkg/prefix_override:/usr/lib/python3/dist-packages/colcon_core/task/python/colcon_distutils_commands:/home/shiver/Desktop/openarm_ws/install/openarm_joint_state_pkg/lib/python3.10/site-packages:${PYTHONPATH} /usr/bin/python3 -W ignore:setup.py install is deprecated -W ignore:easy_install command is deprecated setup.py develop --editable --build-directory /home/shiver/Desktop/openarm_ws/build/openarm_joint_state_pkg/build --no-deps symlink_data
