-- Found ament_cmake: 1.3.12 (/opt/ros/humble/share/ament_cmake/cmake)
-- Override CMake install command with custom implementation using symlinks instead of copying resources
-- Found rclcpp: 16.0.16 (/opt/ros/humble/share/rclcpp/cmake)
-- Found rosidl_generator_c: 3.1.7 (/opt/ros/humble/share/rosidl_generator_c/cmake)
-- Found rosidl_adapter: 3.1.7 (/opt/ros/humble/share/rosidl_adapter/cmake)
-- Found rosidl_generator_cpp: 3.1.7 (/opt/ros/humble/share/rosidl_generator_cpp/cmake)
-- Using all available rosidl_typesupport_c: rosidl_typesupport_fastrtps_c;rosidl_typesupport_introspection_c
-- Using all available rosidl_typesupport_cpp: rosidl_typesupport_fastrtps_cpp;rosidl_typesupport_introspection_cpp
-- Found rmw_implementation_cmake: 6.1.2 (/opt/ros/humble/share/rmw_implementation_cmake/cmake)
-- Found rmw_fastrtps_cpp: 6.2.9 (/opt/ros/humble/share/rmw_fastrtps_cpp/cmake)
-- Using RMW implementation 'rmw_fastrtps_cpp' as default
-- Found hardware_interface: 2.52.2 (/opt/ros/humble/share/hardware_interface/cmake)
-- Found controller_manager: 2.52.2 (/opt/ros/humble/share/controller_manager/cmake)
-- Found joint_limits: 2.52.2 (/opt/ros/humble/share/joint_limits/cmake)
-- Found control_toolbox: 3.6.2 (/opt/ros/humble/share/control_toolbox/cmake)
-- Found ament_lint_auto: 0.12.14 (/opt/ros/humble/share/ament_lint_auto/cmake)
-- Added test 'clang_format' to check C / C++ code style
-- Added test 'cppcheck' to perform static code analysis on C / C++ code
-- Configured cppcheck include dirs: /home/shiver/Desktop/openarm_ws/src/mujoco_ros2_control/mujoco_ros2_control/include
-- Configured cppcheck exclude dirs and/or files: 
-- Added test 'cpplint' to check C / C++ code against the Google style
-- Configured cpplint exclude dirs and/or files: 
-- Added test 'lint_cmake' to check CMake code style
-- Added test 'copyright' to check source files copyright and LICENSE
-- Configuring done
-- Generating done
-- Build files have been written to: /home/shiver/Desktop/openarm_ws/build/mujoco_ros2_control
[ 16%] [32mBuilding CXX object CMakeFiles/mujoco_ros2_control.dir/src/mujoco_ros2_control_node.cpp.o[0m
[ 33%] [32mBuilding CXX object CMakeFiles/mujoco_ros2_control.dir/src/mujoco_rendering.cpp.o[0m
[ 50%] [32mBuilding CXX object CMakeFiles/mujoco_ros2_control.dir/src/mujoco_ros2_control.cpp.o[0m
[ 66%] [32mBuilding CXX object CMakeFiles/mujoco_system_plugins.dir/src/mujoco_system.cpp.o[0m
[ 83%] [32m[1mLinking CXX shared library libmujoco_system_plugins.so[0m
[ 83%] Built target mujoco_system_plugins
[100%] [32m[1mLinking CXX executable mujoco_ros2_control[0m
[100%] Built target mujoco_ros2_control
-- Install configuration: ""
-- Execute custom install script
-- Symlinking: /home/shiver/Desktop/openarm_ws/install/mujoco_ros2_control/lib/libmujoco_system_plugins.so
-- Symlinking: /home/shiver/Desktop/openarm_ws/install/mujoco_ros2_control/lib/mujoco_ros2_control/mujoco_ros2_control
-- Symlinking: /home/shiver/Desktop/openarm_ws/install/mujoco_ros2_control/share/mujoco_ros2_control//mujoco_system_plugins.xml
-- Symlinking: /home/shiver/Desktop/openarm_ws/install/mujoco_ros2_control/share/ament_index/resource_index/package_run_dependencies/mujoco_ros2_control
-- Symlinking: /home/shiver/Desktop/openarm_ws/install/mujoco_ros2_control/share/ament_index/resource_index/parent_prefix_path/mujoco_ros2_control
-- Symlinking: /home/shiver/Desktop/openarm_ws/install/mujoco_ros2_control/share/mujoco_ros2_control/environment/ament_prefix_path.sh
-- Symlinking: /home/shiver/Desktop/openarm_ws/install/mujoco_ros2_control/share/mujoco_ros2_control/environment/ament_prefix_path.dsv
-- Symlinking: /home/shiver/Desktop/openarm_ws/install/mujoco_ros2_control/share/mujoco_ros2_control/environment/path.sh
-- Symlinking: /home/shiver/Desktop/openarm_ws/install/mujoco_ros2_control/share/mujoco_ros2_control/environment/path.dsv
-- Symlinking: /home/shiver/Desktop/openarm_ws/install/mujoco_ros2_control/share/mujoco_ros2_control/local_setup.bash
-- Symlinking: /home/shiver/Desktop/openarm_ws/install/mujoco_ros2_control/share/mujoco_ros2_control/local_setup.sh
-- Symlinking: /home/shiver/Desktop/openarm_ws/install/mujoco_ros2_control/share/mujoco_ros2_control/local_setup.zsh
-- Symlinking: /home/shiver/Desktop/openarm_ws/install/mujoco_ros2_control/share/mujoco_ros2_control/local_setup.dsv
-- Symlinking: /home/shiver/Desktop/openarm_ws/install/mujoco_ros2_control/share/mujoco_ros2_control/package.dsv
-- Symlinking: /home/shiver/Desktop/openarm_ws/install/mujoco_ros2_control/share/ament_index/resource_index/packages/mujoco_ros2_control
-- Symlinking: /home/shiver/Desktop/openarm_ws/install/mujoco_ros2_control/share/ament_index/resource_index/mujoco_ros2_control__pluginlib__plugin/mujoco_ros2_control
-- Symlinking: /home/shiver/Desktop/openarm_ws/install/mujoco_ros2_control/share/mujoco_ros2_control/cmake/mujoco_ros2_controlConfig.cmake
-- Symlinking: /home/shiver/Desktop/openarm_ws/install/mujoco_ros2_control/share/mujoco_ros2_control/cmake/mujoco_ros2_controlConfig-version.cmake
-- Symlinking: /home/shiver/Desktop/openarm_ws/install/mujoco_ros2_control/share/mujoco_ros2_control/package.xml
