[35m[1mConsolidate compiler generated dependencies of target example_diff_drive[0m
[35m[1mConsolidate compiler generated dependencies of target example_velocity[0m
[35m[1mConsolidate compiler generated dependencies of target example_tricycle_drive[0m
[35m[1mConsolidate compiler generated dependencies of target example_effort[0m
[35m[1mConsolidate compiler generated dependencies of target example_position[0m
[35m[1mConsolidate compiler generated dependencies of target example_gripper[0m
[ 16%] Built target example_velocity
[ 33%] Built target example_position
[ 50%] Built target example_tricycle_drive
[ 66%] Built target example_effort
[ 83%] Built target example_diff_drive
[100%] Built target example_gripper
-- Install configuration: ""
-- Execute custom install script
-- Symlinking: /home/shiver/Desktop/openarm_ws/install/mujoco_ros2_control_demos/share/mujoco_ros2_control_demos//launch/cart_example_effort.launch.py
-- Symlinking: /home/shiver/Desktop/openarm_ws/install/mujoco_ros2_control_demos/share/mujoco_ros2_control_demos//launch/cart_example_position.launch.py
-- Symlinking: /home/shiver/Desktop/openarm_ws/install/mujoco_ros2_control_demos/share/mujoco_ros2_control_demos//launch/cart_example_velocity.launch.py
-- Symlinking: /home/shiver/Desktop/openarm_ws/install/mujoco_ros2_control_demos/share/mujoco_ros2_control_demos//launch/diff_drive.launch.py
-- Symlinking: /home/shiver/Desktop/openarm_ws/install/mujoco_ros2_control_demos/share/mujoco_ros2_control_demos//launch/ft_sensor_example.launch.py
-- Symlinking: /home/shiver/Desktop/openarm_ws/install/mujoco_ros2_control_demos/share/mujoco_ros2_control_demos//launch/gripper_mimic_joint_example.launch.py
-- Symlinking: /home/shiver/Desktop/openarm_ws/install/mujoco_ros2_control_demos/share/mujoco_ros2_control_demos//launch/tricycle_drive.launch.py
-- Symlinking: /home/shiver/Desktop/openarm_ws/install/mujoco_ros2_control_demos/share/mujoco_ros2_control_demos//launch/vertical_cart_example_position_pid.launch.py
-- Symlinking: /home/shiver/Desktop/openarm_ws/install/mujoco_ros2_control_demos/share/mujoco_ros2_control_demos//launch/vertical_cart_example_velocity.launch.py
-- Symlinking: /home/shiver/Desktop/openarm_ws/install/mujoco_ros2_control_demos/share/mujoco_ros2_control_demos//config/cartpole_controller_effort.yaml
-- Symlinking: /home/shiver/Desktop/openarm_ws/install/mujoco_ros2_control_demos/share/mujoco_ros2_control_demos//config/cartpole_controller_position.yaml
-- Symlinking: /home/shiver/Desktop/openarm_ws/install/mujoco_ros2_control_demos/share/mujoco_ros2_control_demos//config/cartpole_controller_velocity.yaml
-- Symlinking: /home/shiver/Desktop/openarm_ws/install/mujoco_ros2_control_demos/share/mujoco_ros2_control_demos//config/diff_drive_controller.yaml
-- Symlinking: /home/shiver/Desktop/openarm_ws/install/mujoco_ros2_control_demos/share/mujoco_ros2_control_demos//config/ft_broadcaster.yaml
-- Symlinking: /home/shiver/Desktop/openarm_ws/install/mujoco_ros2_control_demos/share/mujoco_ros2_control_demos//config/gripper_controller.yaml
-- Symlinking: /home/shiver/Desktop/openarm_ws/install/mujoco_ros2_control_demos/share/mujoco_ros2_control_demos//config/tricycle_drive_controller.yaml
-- Symlinking: /home/shiver/Desktop/openarm_ws/install/mujoco_ros2_control_demos/share/mujoco_ros2_control_demos//urdf/test_cart_effort.xacro.urdf
-- Symlinking: /home/shiver/Desktop/openarm_ws/install/mujoco_ros2_control_demos/share/mujoco_ros2_control_demos//urdf/test_cart_position.xacro.urdf
-- Symlinking: /home/shiver/Desktop/openarm_ws/install/mujoco_ros2_control_demos/share/mujoco_ros2_control_demos//urdf/test_cart_velocity.xacro.urdf
-- Symlinking: /home/shiver/Desktop/openarm_ws/install/mujoco_ros2_control_demos/share/mujoco_ros2_control_demos//urdf/test_diff_drive.xacro.urdf
-- Symlinking: /home/shiver/Desktop/openarm_ws/install/mujoco_ros2_control_demos/share/mujoco_ros2_control_demos//urdf/test_ft_sensor.xacro.urdf
-- Symlinking: /home/shiver/Desktop/openarm_ws/install/mujoco_ros2_control_demos/share/mujoco_ros2_control_demos//urdf/test_gripper_mimic_joint.xacro.urdf
-- Symlinking: /home/shiver/Desktop/openarm_ws/install/mujoco_ros2_control_demos/share/mujoco_ros2_control_demos//urdf/test_tricycle_drive.xacro.urdf
-- Symlinking: /home/shiver/Desktop/openarm_ws/install/mujoco_ros2_control_demos/share/mujoco_ros2_control_demos//urdf/test_vertical_cart_position_pid.xacro.urdf
-- Symlinking: /home/shiver/Desktop/openarm_ws/install/mujoco_ros2_control_demos/share/mujoco_ros2_control_demos//urdf/test_vertical_cart_velocity_pid.xacro.urdf
-- Symlinking: /home/shiver/Desktop/openarm_ws/install/mujoco_ros2_control_demos/share/mujoco_ros2_control_demos//mujoco_models/test_cart.xml
-- Symlinking: /home/shiver/Desktop/openarm_ws/install/mujoco_ros2_control_demos/share/mujoco_ros2_control_demos//mujoco_models/test_diff_drive.xml
-- Symlinking: /home/shiver/Desktop/openarm_ws/install/mujoco_ros2_control_demos/share/mujoco_ros2_control_demos//mujoco_models/test_ft_sensor.xml
-- Symlinking: /home/shiver/Desktop/openarm_ws/install/mujoco_ros2_control_demos/share/mujoco_ros2_control_demos//mujoco_models/test_gripper_mimic_joint.xml
-- Symlinking: /home/shiver/Desktop/openarm_ws/install/mujoco_ros2_control_demos/share/mujoco_ros2_control_demos//mujoco_models/test_tricycle_drive.xml
-- Symlinking: /home/shiver/Desktop/openarm_ws/install/mujoco_ros2_control_demos/share/mujoco_ros2_control_demos//mujoco_models/test_vertical_cart.xml
-- Symlinking: /home/shiver/Desktop/openarm_ws/install/mujoco_ros2_control_demos/lib/mujoco_ros2_control_demos/example_position
-- Symlinking: /home/shiver/Desktop/openarm_ws/install/mujoco_ros2_control_demos/lib/mujoco_ros2_control_demos/example_velocity
-- Symlinking: /home/shiver/Desktop/openarm_ws/install/mujoco_ros2_control_demos/lib/mujoco_ros2_control_demos/example_effort
-- Symlinking: /home/shiver/Desktop/openarm_ws/install/mujoco_ros2_control_demos/lib/mujoco_ros2_control_demos/example_diff_drive
-- Symlinking: /home/shiver/Desktop/openarm_ws/install/mujoco_ros2_control_demos/lib/mujoco_ros2_control_demos/example_tricycle_drive
-- Symlinking: /home/shiver/Desktop/openarm_ws/install/mujoco_ros2_control_demos/lib/mujoco_ros2_control_demos/example_gripper
-- Symlinking: /home/shiver/Desktop/openarm_ws/install/mujoco_ros2_control_demos/share/ament_index/resource_index/package_run_dependencies/mujoco_ros2_control_demos
-- Symlinking: /home/shiver/Desktop/openarm_ws/install/mujoco_ros2_control_demos/share/ament_index/resource_index/parent_prefix_path/mujoco_ros2_control_demos
-- Symlinking: /home/shiver/Desktop/openarm_ws/install/mujoco_ros2_control_demos/share/mujoco_ros2_control_demos/environment/ament_prefix_path.sh
-- Symlinking: /home/shiver/Desktop/openarm_ws/install/mujoco_ros2_control_demos/share/mujoco_ros2_control_demos/environment/ament_prefix_path.dsv
-- Symlinking: /home/shiver/Desktop/openarm_ws/install/mujoco_ros2_control_demos/share/mujoco_ros2_control_demos/environment/path.sh
-- Symlinking: /home/shiver/Desktop/openarm_ws/install/mujoco_ros2_control_demos/share/mujoco_ros2_control_demos/environment/path.dsv
-- Symlinking: /home/shiver/Desktop/openarm_ws/install/mujoco_ros2_control_demos/share/mujoco_ros2_control_demos/local_setup.bash
-- Symlinking: /home/shiver/Desktop/openarm_ws/install/mujoco_ros2_control_demos/share/mujoco_ros2_control_demos/local_setup.sh
-- Symlinking: /home/shiver/Desktop/openarm_ws/install/mujoco_ros2_control_demos/share/mujoco_ros2_control_demos/local_setup.zsh
-- Symlinking: /home/shiver/Desktop/openarm_ws/install/mujoco_ros2_control_demos/share/mujoco_ros2_control_demos/local_setup.dsv
-- Symlinking: /home/shiver/Desktop/openarm_ws/install/mujoco_ros2_control_demos/share/mujoco_ros2_control_demos/package.dsv
-- Symlinking: /home/shiver/Desktop/openarm_ws/install/mujoco_ros2_control_demos/share/ament_index/resource_index/packages/mujoco_ros2_control_demos
-- Symlinking: /home/shiver/Desktop/openarm_ws/install/mujoco_ros2_control_demos/share/mujoco_ros2_control_demos/cmake/mujoco_ros2_control_demosConfig.cmake
-- Symlinking: /home/shiver/Desktop/openarm_ws/install/mujoco_ros2_control_demos/share/mujoco_ros2_control_demos/cmake/mujoco_ros2_control_demosConfig-version.cmake
-- Symlinking: /home/shiver/Desktop/openarm_ws/install/mujoco_ros2_control_demos/share/mujoco_ros2_control_demos/package.xml
